Archive member included to satisfy reference by file (symbol)

D:/ST/STM32CubeIDE_1.13.2/STM32CubeIDE/plugins/com.st.stm32cube.ide.mcu.externaltools.gnu-tools-for-stm32.12.3.rel1.win32_1.0.100.202403111256/tools/bin/../lib/gcc/arm-none-eabi/12.3.1/../../../../arm-none-eabi/lib/thumb/v7e-m+fp/hard\libc_nano.a(libc_a-exit.o)
                              D:/ST/STM32CubeIDE_1.13.2/STM32CubeIDE/plugins/com.st.stm32cube.ide.mcu.externaltools.gnu-tools-for-stm32.12.3.rel1.win32_1.0.100.202403111256/tools/bin/../lib/gcc/arm-none-eabi/12.3.1/../../../../arm-none-eabi/lib/thumb/v7e-m+fp/hard/crt0.o (exit)
D:/ST/STM32CubeIDE_1.13.2/STM32CubeIDE/plugins/com.st.stm32cube.ide.mcu.externaltools.gnu-tools-for-stm32.12.3.rel1.win32_1.0.100.202403111256/tools/bin/../lib/gcc/arm-none-eabi/12.3.1/../../../../arm-none-eabi/lib/thumb/v7e-m+fp/hard\libc_nano.a(libc_a-findfp.o)
                              D:/ST/STM32CubeIDE_1.13.2/STM32CubeIDE/plugins/com.st.stm32cube.ide.mcu.externaltools.gnu-tools-for-stm32.12.3.rel1.win32_1.0.100.202403111256/tools/bin/../lib/gcc/arm-none-eabi/12.3.1/../../../../arm-none-eabi/lib/thumb/v7e-m+fp/hard\libc_nano.a(libc_a-exit.o) (__stdio_exit_handler)
D:/ST/STM32CubeIDE_1.13.2/STM32CubeIDE/plugins/com.st.stm32cube.ide.mcu.externaltools.gnu-tools-for-stm32.12.3.rel1.win32_1.0.100.202403111256/tools/bin/../lib/gcc/arm-none-eabi/12.3.1/../../../../arm-none-eabi/lib/thumb/v7e-m+fp/hard\libc_nano.a(libc_a-fwalk.o)
                              D:/ST/STM32CubeIDE_1.13.2/STM32CubeIDE/plugins/com.st.stm32cube.ide.mcu.externaltools.gnu-tools-for-stm32.12.3.rel1.win32_1.0.100.202403111256/tools/bin/../lib/gcc/arm-none-eabi/12.3.1/../../../../arm-none-eabi/lib/thumb/v7e-m+fp/hard\libc_nano.a(libc_a-findfp.o) (_fwalk_sglue)
D:/ST/STM32CubeIDE_1.13.2/STM32CubeIDE/plugins/com.st.stm32cube.ide.mcu.externaltools.gnu-tools-for-stm32.12.3.rel1.win32_1.0.100.202403111256/tools/bin/../lib/gcc/arm-none-eabi/12.3.1/../../../../arm-none-eabi/lib/thumb/v7e-m+fp/hard\libc_nano.a(libc_a-stdio.o)
                              D:/ST/STM32CubeIDE_1.13.2/STM32CubeIDE/plugins/com.st.stm32cube.ide.mcu.externaltools.gnu-tools-for-stm32.12.3.rel1.win32_1.0.100.202403111256/tools/bin/../lib/gcc/arm-none-eabi/12.3.1/../../../../arm-none-eabi/lib/thumb/v7e-m+fp/hard\libc_nano.a(libc_a-findfp.o) (__sread)
D:/ST/STM32CubeIDE_1.13.2/STM32CubeIDE/plugins/com.st.stm32cube.ide.mcu.externaltools.gnu-tools-for-stm32.12.3.rel1.win32_1.0.100.202403111256/tools/bin/../lib/gcc/arm-none-eabi/12.3.1/../../../../arm-none-eabi/lib/thumb/v7e-m+fp/hard\libc_nano.a(libc_a-vsprintf.o)
                              ./Console/Console.o (vsprintf)
D:/ST/STM32CubeIDE_1.13.2/STM32CubeIDE/plugins/com.st.stm32cube.ide.mcu.externaltools.gnu-tools-for-stm32.12.3.rel1.win32_1.0.100.202403111256/tools/bin/../lib/gcc/arm-none-eabi/12.3.1/../../../../arm-none-eabi/lib/thumb/v7e-m+fp/hard\libc_nano.a(libc_a-memset.o)
                              D:/ST/STM32CubeIDE_1.13.2/STM32CubeIDE/plugins/com.st.stm32cube.ide.mcu.externaltools.gnu-tools-for-stm32.12.3.rel1.win32_1.0.100.202403111256/tools/bin/../lib/gcc/arm-none-eabi/12.3.1/../../../../arm-none-eabi/lib/thumb/v7e-m+fp/hard/crt0.o (memset)
D:/ST/STM32CubeIDE_1.13.2/STM32CubeIDE/plugins/com.st.stm32cube.ide.mcu.externaltools.gnu-tools-for-stm32.12.3.rel1.win32_1.0.100.202403111256/tools/bin/../lib/gcc/arm-none-eabi/12.3.1/../../../../arm-none-eabi/lib/thumb/v7e-m+fp/hard\libc_nano.a(libc_a-closer.o)
                              D:/ST/STM32CubeIDE_1.13.2/STM32CubeIDE/plugins/com.st.stm32cube.ide.mcu.externaltools.gnu-tools-for-stm32.12.3.rel1.win32_1.0.100.202403111256/tools/bin/../lib/gcc/arm-none-eabi/12.3.1/../../../../arm-none-eabi/lib/thumb/v7e-m+fp/hard\libc_nano.a(libc_a-stdio.o) (_close_r)
D:/ST/STM32CubeIDE_1.13.2/STM32CubeIDE/plugins/com.st.stm32cube.ide.mcu.externaltools.gnu-tools-for-stm32.12.3.rel1.win32_1.0.100.202403111256/tools/bin/../lib/gcc/arm-none-eabi/12.3.1/../../../../arm-none-eabi/lib/thumb/v7e-m+fp/hard\libc_nano.a(libc_a-reent.o)
                              D:/ST/STM32CubeIDE_1.13.2/STM32CubeIDE/plugins/com.st.stm32cube.ide.mcu.externaltools.gnu-tools-for-stm32.12.3.rel1.win32_1.0.100.202403111256/tools/bin/../lib/gcc/arm-none-eabi/12.3.1/../../../../arm-none-eabi/lib/thumb/v7e-m+fp/hard\libc_nano.a(libc_a-closer.o) (errno)
D:/ST/STM32CubeIDE_1.13.2/STM32CubeIDE/plugins/com.st.stm32cube.ide.mcu.externaltools.gnu-tools-for-stm32.12.3.rel1.win32_1.0.100.202403111256/tools/bin/../lib/gcc/arm-none-eabi/12.3.1/../../../../arm-none-eabi/lib/thumb/v7e-m+fp/hard\libc_nano.a(libc_a-impure.o)
                              D:/ST/STM32CubeIDE_1.13.2/STM32CubeIDE/plugins/com.st.stm32cube.ide.mcu.externaltools.gnu-tools-for-stm32.12.3.rel1.win32_1.0.100.202403111256/tools/bin/../lib/gcc/arm-none-eabi/12.3.1/../../../../arm-none-eabi/lib/thumb/v7e-m+fp/hard\libc_nano.a(libc_a-vsprintf.o) (_impure_ptr)
[...]
Memory Configuration

Name             Origin             Length             Attributes
CCMRAM           0x10000000         0x00010000         xrw
RAM              0x20000000         0x00020000         xrw
FLASH            0x08000000         0x00100000         xr
*default*        0x00000000         0xffffffff

Linker script and memory map

LOAD D:/ST/STM32CubeIDE_1.13.2/STM32CubeIDE/plugins/com.st.stm32cube.ide.mcu.externaltools.gnu-tools-for-stm32.12.3.rel1.win32_1.0.100.202403111256/tools/bin/../lib/gcc/arm-none-eabi/12.3.1/thumb/v7e-m+fp/hard/crti.o
LOAD D:/ST/STM32CubeIDE_1.13.2/STM32CubeIDE/plugins/com.st.stm32cube.ide.mcu.externaltools.gnu-tools-for-stm32.12.3.rel1.win32_1.0.100.202403111256/tools/bin/../lib/gcc/arm-none-eabi/12.3.1/thumb/v7e-m+fp/hard/crtbegin.o
LOAD D:/ST/STM32CubeIDE_1.13.2/STM32CubeIDE/plugins/com.st.stm32cube.ide.mcu.externaltools.gnu-tools-for-stm32.12.3.rel1.win32_1.0.100.202403111256/tools/bin/../lib/gcc/arm-none-eabi/12.3.1/../../../../arm-none-eabi/lib/thumb/v7e-m+fp/hard/crt0.o
LOAD ./Console/Console.o
LOAD ./DMA/DMA.o
LOAD ./GC9A01/GC9A01.o
LOAD ./GPIO/GPIO.o
LOAD ./SDIO/SDIO.o
LOAD ./SPI/SPI.o
LOAD ./Src/main.o
LOAD ./Src/syscalls.o
LOAD ./Src/sysmem.o
LOAD ./Src/system_stm32f4xx.o
LOAD ./Startup/startup_stm32f407vgtx.o
LOAD ./USART/USART.o
START GROUP
LOAD D:/ST/STM32CubeIDE_1.13.2/STM32CubeIDE/plugins/com.st.stm32cube.ide.mcu.externaltools.gnu-tools-for-stm32.12.3.rel1.win32_1.0.100.202403111256/tools/bin/../lib/gcc/arm-none-eabi/12.3.1/../../../../arm-none-eabi/lib/thumb/v7e-m+fp/hard\libc_nano.a
LOAD D:/ST/STM32CubeIDE_1.13.2/STM32CubeIDE/plugins/com.st.stm32cube.ide.mcu.externaltools.gnu-tools-for-stm32.12.3.rel1.win32_1.0.100.202403111256/tools/bin/../lib/gcc/arm-none-eabi/12.3.1/../../../../arm-none-eabi/lib/thumb/v7e-m+fp/hard\libm.a
END GROUP
START GROUP
LOAD D:/ST/STM32CubeIDE_1.13.2/STM32CubeIDE/plugins/com.st.stm32cube.ide.mcu.externaltools.gnu-tools-for-stm32.12.3.rel1.win32_1.0.100.202403111256/tools/bin/../lib/gcc/arm-none-eabi/12.3.1/thumb/v7e-m+fp/hard\libgcc.a
LOAD D:/ST/STM32CubeIDE_1.13.2/STM32CubeIDE/plugins/com.st.stm32cube.ide.mcu.externaltools.gnu-tools-for-stm32.12.3.rel1.win32_1.0.100.202403111256/tools/bin/../lib/gcc/arm-none-eabi/12.3.1/../../../../arm-none-eabi/lib/thumb/v7e-m+fp/hard\libc_nano.a
END GROUP
START GROUP
LOAD D:/ST/STM32CubeIDE_1.13.2/STM32CubeIDE/plugins/com.st.stm32cube.ide.mcu.externaltools.gnu-tools-for-stm32.12.3.rel1.win32_1.0.100.202403111256/tools/bin/../lib/gcc/arm-none-eabi/12.3.1/thumb/v7e-m+fp/hard\libgcc.a
LOAD D:/ST/STM32CubeIDE_1.13.2/STM32CubeIDE/plugins/com.st.stm32cube.ide.mcu.externaltools.gnu-tools-for-stm32.12.3.rel1.win32_1.0.100.202403111256/tools/bin/../lib/gcc/arm-none-eabi/12.3.1/../../../../arm-none-eabi/lib/thumb/v7e-m+fp/hard\libc_nano.a
LOAD D:/ST/STM32CubeIDE_1.13.2/STM32CubeIDE/plugins/com.st.stm32cube.ide.mcu.externaltools.gnu-tools-for-stm32.12.3.rel1.win32_1.0.100.202403111256/tools/bin/../lib/gcc/arm-none-eabi/12.3.1/../../../../arm-none-eabi/lib/thumb/v7e-m+fp/hard\libnosys.a
END GROUP
START GROUP
LOAD D:/ST/STM32CubeIDE_1.13.2/STM32CubeIDE/plugins/com.st.stm32cube.ide.mcu.externaltools.gnu-tools-for-stm32.12.3.rel1.win32_1.0.100.202403111256/tools/bin/../lib/gcc/arm-none-eabi/12.3.1/thumb/v7e-m+fp/hard\libgcc.a
LOAD D:/ST/STM32CubeIDE_1.13.2/STM32CubeIDE/plugins/com.st.stm32cube.ide.mcu.externaltools.gnu-tools-for-stm32.12.3.rel1.win32_1.0.100.202403111256/tools/bin/../lib/gcc/arm-none-eabi/12.3.1/../../../../arm-none-eabi/lib/thumb/v7e-m+fp/hard\libc_nano.a
LOAD D:/ST/STM32CubeIDE_1.13.2/STM32CubeIDE/plugins/com.st.stm32cube.ide.mcu.externaltools.gnu-tools-for-stm32.12.3.rel1.win32_1.0.100.202403111256/tools/bin/../lib/gcc/arm-none-eabi/12.3.1/../../../../arm-none-eabi/lib/thumb/v7e-m+fp/hard\libnosys.a
END GROUP
LOAD D:/ST/STM32CubeIDE_1.13.2/STM32CubeIDE/plugins/com.st.stm32cube.ide.mcu.externaltools.gnu-tools-for-stm32.12.3.rel1.win32_1.0.100.202403111256/tools/bin/../lib/gcc/arm-none-eabi/12.3.1/thumb/v7e-m+fp/hard/crtend.o
LOAD D:/ST/STM32CubeIDE_1.13.2/STM32CubeIDE/plugins/com.st.stm32cube.ide.mcu.externaltools.gnu-tools-for-stm32.12.3.rel1.win32_1.0.100.202403111256/tools/bin/../lib/gcc/arm-none-eabi/12.3.1/thumb/v7e-m+fp/hard/crtn.o
                0x20020000                        _estack = (ORIGIN (RAM) + LENGTH (RAM))
                0x00000200                        _Min_Heap_Size = 0x200
                0x00000400                        _Min_Stack_Size = 0x400

.isr_vector     0x08000000      0x188
                0x08000000                        . = ALIGN (0x4)
 *(.isr_vector)
 .isr_vector    0x08000000      0x188 ./Startup/startup_stm32f407vgtx.o
                0x08000000                g_pfnVectors
                0x08000188                        . = ALIGN (0x4)

.text           0x08000188     0x35c8
                0x08000188                        . = ALIGN (0x4)
 *(.text)
 .text          0x08000188       0x40 D:/ST/STM32CubeIDE_1.13.2/STM32CubeIDE/plugins/com.st.stm32cube.ide.mcu.externaltools.gnu-tools-for-stm32.12.3.rel1.win32_1.0.100.202403111256/tools/bin/../lib/gcc/arm-none-eabi/12.3.1/thumb/v7e-m+fp/hard/crtbegin.o
 .text          0x080001c8      0x378 D:/ST/STM32CubeIDE_1.13.2/STM32CubeIDE/plugins/com.st.stm32cube.ide.mcu.externaltools.gnu-tools-for-stm32.12.3.rel1.win32_1.0.100.202403111256/tools/bin/../lib/gcc/arm-none-eabi/12.3.1/thumb/v7e-m+fp/hard\libgcc.a(_arm_addsubdf3.o)
                0x080001c8                __aeabi_drsub
                0x080001d0                __aeabi_dsub
                0x080001d0                __subdf3
                0x080001d4                __aeabi_dadd
                0x080001d4                __adddf3
                0x0800044c                __floatunsidf
                0x0800044c                __aeabi_ui2d
                0x0800046c                __floatsidf
                0x0800046c                __aeabi_i2d
                0x08000490                __aeabi_f2d
                0x08000490                __extendsfdf2
                0x080004d4                __floatundidf
                0x080004d4                __aeabi_ul2d
                0x080004e4                __floatdidf
                0x080004e4                __aeabi_l2d
 .text          0x08000540      0x424 D:/ST/STM32CubeIDE_1.13.2/STM32CubeIDE/plugins/com.st.stm32cube.ide.mcu.externaltools.gnu-tools-for-stm32.12.3.rel1.win32_1.0.100.202403111256/tools/bin/../lib/gcc/arm-none-eabi/12.3.1/thumb/v7e-m+fp/hard\libgcc.a(_arm_muldivdf3.o)
                0x08000540                __aeabi_dmul
                0x08000540                __muldf3
                0x08000794                __divdf3
                0x08000794                __aeabi_ddiv
 .text          0x08000964      0x110 D:/ST/STM32CubeIDE_1.13.2/STM32CubeIDE/plugins/com.st.stm32cube.ide.mcu.externaltools.gnu-tools-for-stm32.12.3.rel1.win32_1.0.100.202403111256/tools/bin/../lib/gcc/arm-none-eabi/12.3.1/thumb/v7e-m+fp/hard\libgcc.a(_arm_cmpdf2.o)
                0x08000964                __gtdf2
                0x08000964                __gedf2
                0x0800096c                __ltdf2
                0x0800096c                __ledf2
                0x08000974                __nedf2
                0x08000974                __eqdf2
                0x08000974                __cmpdf2
                0x080009f0                __aeabi_cdrcmple
                0x08000a00                __aeabi_cdcmpeq
                0x08000a00                __aeabi_cdcmple
                0x08000a10                __aeabi_dcmpeq
                0x08000a24                __aeabi_dcmplt
                0x08000a38                __aeabi_dcmple
                0x08000a4c                __aeabi_dcmpge
                0x08000a60                __aeabi_dcmpgt
 .text          0x08000a74       0x50 D:/ST/STM32CubeIDE_1.13.2/STM32CubeIDE/plugins/com.st.stm32cube.ide.mcu.externaltools.gnu-tools-for-stm32.12.3.rel1.win32_1.0.100.202403111256/tools/bin/../lib/gcc/arm-none-eabi/12.3.1/thumb/v7e-m+fp/hard\libgcc.a(_arm_fixdfsi.o)
                0x08000a74                __aeabi_d2iz
                0x08000a74                __fixdfsi
 .text          0x08000ac4       0x30 D:/ST/STM32CubeIDE_1.13.2/STM32CubeIDE/plugins/com.st.stm32cube.ide.mcu.externaltools.gnu-tools-for-stm32.12.3.rel1.win32_1.0.100.202403111256/tools/bin/../lib/gcc/arm-none-eabi/12.3.1/thumb/v7e-m+fp/hard\libgcc.a(_fixdfdi.o)
                0x08000ac4                __fixdfdi
                0x08000ac4                __aeabi_d2lz
 .text          0x08000af4       0x3c D:/ST/STM32CubeIDE_1.13.2/STM32CubeIDE/plugins/com.st.stm32cube.ide.mcu.externaltools.gnu-tools-for-stm32.12.3.rel1.win32_1.0.100.202403111256/tools/bin/../lib/gcc/arm-none-eabi/12.3.1/thumb/v7e-m+fp/hard\libgcc.a(_fixunsdfdi.o)
                0x08000af4                __fixunsdfdi
                0x08000af4                __aeabi_d2ulz
 .text          0x08000b30       0x40 D:/ST/STM32CubeIDE_1.13.2/STM32CubeIDE/plugins/com.st.stm32cube.ide.mcu.externaltools.gnu-tools-for-stm32.12.3.rel1.win32_1.0.100.202403111256/tools/bin/../lib/gcc/arm-none-eabi/12.3.1/thumb/v7e-m+fp/hard\libgcc.a(_arm_fixunsdfsi.o)
                0x08000b30                __aeabi_d2uiz
                0x08000b30                __fixunsdfsi
 *(.text*)
 .text.Console_Init
                0x08000b70       0x4c ./Console/Console.o
                0x08000b70                Console_Init
 .text.DMA_Clock_Enable
                0x08000bbc       0x4c ./DMA/DMA.o
                0x08000bbc                DMA_Clock_Enable
 .text.DMA_Init
                0x08000c08       0xb8 ./DMA/DMA.o
                0x08000c08                DMA_Init
 .text.Delay_ms
                0x08000cc0       0x5c ./GC9A01/GC9A01.o
 .text.command_line_high
                0x08000d1c       0x22 ./GC9A01/GC9A01.o
 .text.command_line_low
                0x08000d3e       0x22 ./GC9A01/GC9A01.o
 .text.reset_line_high
                0x08000d60       0x22 ./GC9A01/GC9A01.o
 .text.reset_line_low
                0x08000d82       0x22 ./GC9A01/GC9A01.o
 .text.Command  0x08000da4       0x38 ./GC9A01/GC9A01.o
 .text.Data     0x08000ddc       0x38 ./GC9A01/GC9A01.o
 .text.GC9A01_Init
                0x08000e14      0x670 ./GC9A01/GC9A01.o
                0x08000e14                GC9A01_Init
 .text.GC9A01_Write
                0x08001484       0x56 ./GC9A01/GC9A01.o
                0x08001484                GC9A01_Write
 .text.GC9A01_Write_Continue
                0x080014da       0x56 ./GC9A01/GC9A01.o
                0x080014da                GC9A01_Write_Continue
 .text.GC9A01_Set_Frame
                0x08001530       0x82 ./GC9A01/GC9A01.o
                0x08001530                GC9A01_Set_Frame
 .text.GPIO_Pin_High
                0x080015b2       0x24 ./GPIO/GPIO.o
                0x080015b2                GPIO_Pin_High
 .text.GPIO_Pin_Low
                0x080015d6       0x26 ./GPIO/GPIO.o
                0x080015d6                GPIO_Pin_Low
 .text.GPIO_Clock_Enable
                0x080015fc       0xbc ./GPIO/GPIO.o
                0x080015fc                GPIO_Clock_Enable
 .text.GPIO_Pin_Init
                0x080016b8       0xa8 ./GPIO/GPIO.o
                0x080016b8                GPIO_Pin_Init
 .text.SPI_Clock_Enable
                0x08001760       0x74 ./SPI/SPI.o
                0x08001760                SPI_Clock_Enable
 .text.SPI_Pin  0x080017d4      0x84c ./SPI/SPI.o
 .text.SPI_Init
                0x08002020      0x33c ./SPI/SPI.o
                0x08002020                SPI_Init
 .text.SPI_Enable
                0x0800235c       0x24 ./SPI/SPI.o
                0x0800235c                SPI_Enable
 .text.SPI_TRX_Byte
                0x08002380       0x72 ./SPI/SPI.o
                0x08002380                SPI_TRX_Byte
 .text.SPI_NSS_High
                0x080023f2       0x20 ./SPI/SPI.o
                0x080023f2                SPI_NSS_High
 .text.SPI_NSS_Low
                0x08002412       0x20 ./SPI/SPI.o
                0x08002412                SPI_NSS_Low
 *fill*         0x08002432        0x2 
 .text.__NVIC_SetPriority
                0x08002434       0x54 ./Src/main.o
 .text.SysTick_Config
                0x08002488       0x44 ./Src/main.o
 .text.MCU_Clock_Setup
                0x080024cc      0x120 ./Src/main.o
 .text.Delay_Config
                0x080025ec       0x30 ./Src/main.o
 .text.Delay_ms
                0x0800261c       0x5c ./Src/main.o
 .text.Delay_s  0x08002678       0x34 ./Src/main.o
 .text.main     0x080026ac      0x1f0 ./Src/main.o
                0x080026ac                main
 .text.SystemInit
                0x0800289c       0x24 ./Src/system_stm32f4xx.o
                0x0800289c                SystemInit
 .text.SystemCoreClockUpdate
                0x080028c0      0x100 ./Src/system_stm32f4xx.o
                0x080028c0                SystemCoreClockUpdate
 .text.Reset_Handler
                0x080029c0       0x50 ./Startup/startup_stm32f407vgtx.o
                0x080029c0                Reset_Handler
 .text.Default_Handler
                0x08002a10        0x2 ./Startup/startup_stm32f407vgtx.o
                0x08002a10                RTC_Alarm_IRQHandler
                0x08002a10                HASH_RNG_IRQHandler
                0x08002a10                EXTI2_IRQHandler
                0x08002a10                TIM8_CC_IRQHandler
                0x08002a10                DebugMon_Handler
                0x08002a10                TIM1_CC_IRQHandler
                0x08002a10                DMA2_Stream5_IRQHandler
                0x08002a10                HardFault_Handler
                0x08002a10                DMA1_Stream5_IRQHandler
                0x08002a10                SysTick_Handler
                0x08002a10                PVD_IRQHandler
                0x08002a10                SDIO_IRQHandler
                0x08002a10                TAMP_STAMP_IRQHandler
                0x08002a10                PendSV_Handler
                0x08002a10                NMI_Handler
                0x08002a10                CAN2_RX1_IRQHandler
                0x08002a10                EXTI3_IRQHandler
                0x08002a10                TIM8_TRG_COM_TIM14_IRQHandler
                0x08002a10                TIM1_UP_TIM10_IRQHandler
                0x08002a10                TIM8_UP_TIM13_IRQHandler
                0x08002a10                I2C3_ER_IRQHandler
                0x08002a10                EXTI0_IRQHandler
                0x08002a10                I2C2_EV_IRQHandler
                0x08002a10                DMA1_Stream2_IRQHandler
                0x08002a10                CAN1_RX0_IRQHandler
                0x08002a10                FPU_IRQHandler
                0x08002a10                OTG_HS_WKUP_IRQHandler
                0x08002a10                UsageFault_Handler
                0x08002a10                CAN2_SCE_IRQHandler
                0x08002a10                DMA2_Stream2_IRQHandler
                0x08002a10                SPI1_IRQHandler
                0x08002a10                TIM6_DAC_IRQHandler
                0x08002a10                TIM1_BRK_TIM9_IRQHandler
                0x08002a10                DCMI_IRQHandler
                0x08002a10                CAN2_RX0_IRQHandler
                0x08002a10                DMA2_Stream3_IRQHandler
                0x08002a10                USART6_IRQHandler
                0x08002a10                USART3_IRQHandler
                0x08002a10                CRYP_IRQHandler
                0x08002a10                CAN1_RX1_IRQHandler
                0x08002a10                UART5_IRQHandler
                0x08002a10                DMA2_Stream0_IRQHandler
                0x08002a10                TIM4_IRQHandler
                0x08002a10                I2C1_EV_IRQHandler
                0x08002a10                DMA1_Stream6_IRQHandler
                0x08002a10                DMA1_Stream1_IRQHandler
                0x08002a10                UART4_IRQHandler
                0x08002a10                TIM3_IRQHandler
                0x08002a10                RCC_IRQHandler
                0x08002a10                TIM8_BRK_TIM12_IRQHandler
                0x08002a10                Default_Handler
                0x08002a10                EXTI15_10_IRQHandler
                0x08002a10                ADC_IRQHandler
                0x08002a10                DMA1_Stream7_IRQHandler
                0x08002a10                TIM7_IRQHandler
                0x08002a10                CAN2_TX_IRQHandler
                0x08002a10                TIM5_IRQHandler
                0x08002a10                DMA2_Stream7_IRQHandler
                0x08002a10                I2C3_EV_IRQHandler
                0x08002a10                EXTI9_5_IRQHandler
                0x08002a10                RTC_WKUP_IRQHandler
                0x08002a10                ETH_WKUP_IRQHandler
                0x08002a10                SPI2_IRQHandler
                0x08002a10                OTG_HS_EP1_IN_IRQHandler
                0x08002a10                MemManage_Handler
                0x08002a10                DMA1_Stream0_IRQHandler
                0x08002a10                CAN1_TX_IRQHandler
                0x08002a10                SVC_Handler
                0x08002a10                EXTI4_IRQHandler
                0x08002a10                FSMC_IRQHandler
                0x08002a10                ETH_IRQHandler
                0x08002a10                OTG_HS_EP1_OUT_IRQHandler
                0x08002a10                WWDG_IRQHandler
                0x08002a10                TIM2_IRQHandler
                0x08002a10                OTG_FS_WKUP_IRQHandler
                0x08002a10                TIM1_TRG_COM_TIM11_IRQHandler
                0x08002a10                OTG_HS_IRQHandler
                0x08002a10                EXTI1_IRQHandler
                0x08002a10                USART2_IRQHandler
                0x08002a10                I2C2_ER_IRQHandler
                0x08002a10                DMA2_Stream1_IRQHandler
                0x08002a10                CAN1_SCE_IRQHandler
                0x08002a10                DMA2_Stream4_IRQHandler
                0x08002a10                BusFault_Handler
                0x08002a10                USART1_IRQHandler
                0x08002a10                OTG_FS_IRQHandler
                0x08002a10                SPI3_IRQHandler
                0x08002a10                DMA1_Stream4_IRQHandler
                0x08002a10                I2C1_ER_IRQHandler
                0x08002a10                DMA2_Stream6_IRQHandler
                0x08002a10                DMA1_Stream3_IRQHandler
 .text.separateFractionAndIntegral
                0x08002a12       0x4c ./USART/USART.o
 .text.USART_Config_Reset
                0x08002a5e       0x42 ./USART/USART.o
                0x08002a5e                USART_Config_Reset
 .text.USART_Clock_Enable
                0x08002aa0      0x148 ./USART/USART.o
                0x08002aa0                USART_Clock_Enable
 .text.PIN_Setup
                0x08002be8      0x8b0 ./USART/USART.o
 .text.USART_Init
                0x08003498      0x160 ./USART/USART.o
                0x08003498                USART_Init
 .text.__libc_init_array
                0x080035f8       0x48 D:/ST/STM32CubeIDE_1.13.2/STM32CubeIDE/plugins/com.st.stm32cube.ide.mcu.externaltools.gnu-tools-for-stm32.12.3.rel1.win32_1.0.100.202403111256/tools/bin/../lib/gcc/arm-none-eabi/12.3.1/../../../../arm-none-eabi/lib/thumb/v7e-m+fp/hard\libc_nano.a(libc_a-init.o)
                0x080035f8                __libc_init_array
 .text.ceil     0x08003640       0xf8 D:/ST/STM32CubeIDE_1.13.2/STM32CubeIDE/plugins/com.st.stm32cube.ide.mcu.externaltools.gnu-tools-for-stm32.12.3.rel1.win32_1.0.100.202403111256/tools/bin/../lib/gcc/arm-none-eabi/12.3.1/../../../../arm-none-eabi/lib/thumb/v7e-m+fp/hard\libm.a(libm_a-s_ceil.o)
                0x08003640                ceil
 *(.glue_7)
 .glue_7        0x08003738        0x0 linker stubs
 *(.glue_7t)
 .glue_7t       0x08003738        0x0 linker stubs
 *(.eh_frame)
 .eh_frame      0x08003738        0x0 D:/ST/STM32CubeIDE_1.13.2/STM32CubeIDE/plugins/com.st.stm32cube.ide.mcu.externaltools.gnu-tools-for-stm32.12.3.rel1.win32_1.0.100.202403111256/tools/bin/../lib/gcc/arm-none-eabi/12.3.1/thumb/v7e-m+fp/hard/crtbegin.o
 *(.init)
 .init          0x08003738        0x4 D:/ST/STM32CubeIDE_1.13.2/STM32CubeIDE/plugins/com.st.stm32cube.ide.mcu.externaltools.gnu-tools-for-stm32.12.3.rel1.win32_1.0.100.202403111256/tools/bin/../lib/gcc/arm-none-eabi/12.3.1/thumb/v7e-m+fp/hard/crti.o
                0x08003738                _init
 .init          0x0800373c        0x8 D:/ST/STM32CubeIDE_1.13.2/STM32CubeIDE/plugins/com.st.stm32cube.ide.mcu.externaltools.gnu-tools-for-stm32.12.3.rel1.win32_1.0.100.202403111256/tools/bin/../lib/gcc/arm-none-eabi/12.3.1/thumb/v7e-m+fp/hard/crtn.o
 *(.fini)
 .fini          0x08003744        0x4 D:/ST/STM32CubeIDE_1.13.2/STM32CubeIDE/plugins/com.st.stm32cube.ide.mcu.externaltools.gnu-tools-for-stm32.12.3.rel1.win32_1.0.100.202403111256/tools/bin/../lib/gcc/arm-none-eabi/12.3.1/thumb/v7e-m+fp/hard/crti.o
                0x08003744                _fini
 .fini          0x08003748        0x8 D:/ST/STM32CubeIDE_1.13.2/STM32CubeIDE/plugins/com.st.stm32cube.ide.mcu.externaltools.gnu-tools-for-stm32.12.3.rel1.win32_1.0.100.202403111256/tools/bin/../lib/gcc/arm-none-eabi/12.3.1/thumb/v7e-m+fp/hard/crtn.o
                0x08003750                        . = ALIGN (0x4)
                0x08003750                        _etext = .

.vfp11_veneer   0x08003750        0x0
 .vfp11_veneer  0x08003750        0x0 linker stubs

.v4_bx          0x08003750        0x0
 .v4_bx         0x08003750        0x0 linker stubs

.iplt           0x08003750        0x0
 .iplt          0x08003750        0x0 D:/ST/STM32CubeIDE_1.13.2/STM32CubeIDE/plugins/com.st.stm32cube.ide.mcu.externaltools.gnu-tools-for-stm32.12.3.rel1.win32_1.0.100.202403111256/tools/bin/../lib/gcc/arm-none-eabi/12.3.1/thumb/v7e-m+fp/hard/crtbegin.o

.rodata         0x08003750       0x18
                0x08003750                        . = ALIGN (0x4)
 *(.rodata)
 .rodata        0x08003750        0x8 ./Src/main.o
 *(.rodata*)
 .rodata.AHBPrescTable
                0x08003758       0x10 ./Src/system_stm32f4xx.o
                0x08003758                AHBPrescTable
                0x08003768                        . = ALIGN (0x4)

.ARM.extab      0x08003768        0x0
                0x08003768                        . = ALIGN (0x4)
 *(.ARM.extab* .gnu.linkonce.armextab.*)
                0x08003768                        . = ALIGN (0x4)

.ARM            0x08003768        0x0
                0x08003768                        . = ALIGN (0x4)
                0x08003768                        __exidx_start = .
 *(.ARM.exidx*)
                0x08003768                        __exidx_end = .
                0x08003768                        . = ALIGN (0x4)

.preinit_array  0x08003768        0x0
                0x08003768                        . = ALIGN (0x4)
                0x08003768                        PROVIDE (__preinit_array_start = .)
 *(.preinit_array*)
                0x08003768                        PROVIDE (__preinit_array_end = .)
                0x08003768                        . = ALIGN (0x4)

.init_array     0x08003768        0x4
                0x08003768                        . = ALIGN (0x4)
                0x08003768                        PROVIDE (__init_array_start = .)
 *(SORT_BY_NAME(.init_array.*))
 *(.init_array*)
 .init_array    0x08003768        0x4 D:/ST/STM32CubeIDE_1.13.2/STM32CubeIDE/plugins/com.st.stm32cube.ide.mcu.externaltools.gnu-tools-for-stm32.12.3.rel1.win32_1.0.100.202403111256/tools/bin/../lib/gcc/arm-none-eabi/12.3.1/thumb/v7e-m+fp/hard/crtbegin.o
                0x0800376c                        PROVIDE (__init_array_end = .)
                0x0800376c                        . = ALIGN (0x4)

.fini_array     0x0800376c        0x4
                0x0800376c                        . = ALIGN (0x4)
                [!provide]                        PROVIDE (__fini_array_start = .)
 *(SORT_BY_NAME(.fini_array.*))
 *(.fini_array*)
 .fini_array    0x0800376c        0x4 D:/ST/STM32CubeIDE_1.13.2/STM32CubeIDE/plugins/com.st.stm32cube.ide.mcu.externaltools.gnu-tools-for-stm32.12.3.rel1.win32_1.0.100.202403111256/tools/bin/../lib/gcc/arm-none-eabi/12.3.1/thumb/v7e-m+fp/hard/crtbegin.o
                [!provide]                        PROVIDE (__fini_array_end = .)
                0x08003770                        . = ALIGN (0x4)
                0x08003770                        _sidata = LOADADDR (.data)

.rel.dyn        0x08003770        0x0
 .rel.iplt      0x08003770        0x0 D:/ST/STM32CubeIDE_1.13.2/STM32CubeIDE/plugins/com.st.stm32cube.ide.mcu.externaltools.gnu-tools-for-stm32.12.3.rel1.win32_1.0.100.202403111256/tools/bin/../lib/gcc/arm-none-eabi/12.3.1/thumb/v7e-m+fp/hard/crtbegin.o

.data           0x20000000        0x4 load address 0x08003770
                0x20000000                        . = ALIGN (0x4)
                0x20000000                        _sdata = .
 *(.data)
 *(.data*)
 .data.SystemCoreClock
                0x20000000        0x4 ./Src/system_stm32f4xx.o
                0x20000000                SystemCoreClock
 *(.RamFunc)
 *(.RamFunc*)
                0x20000004                        . = ALIGN (0x4)
                0x20000004                        _edata = .
                0x08003774                        _siccmram = LOADADDR (.ccmram)

.igot.plt       0x20000004        0x0 load address 0x08003774
 .igot.plt      0x20000004        0x0 D:/ST/STM32CubeIDE_1.13.2/STM32CubeIDE/plugins/com.st.stm32cube.ide.mcu.externaltools.gnu-tools-for-stm32.12.3.rel1.win32_1.0.100.202403111256/tools/bin/../lib/gcc/arm-none-eabi/12.3.1/thumb/v7e-m+fp/hard/crtbegin.o

.ccmram         0x10000000        0x0 load address 0x08003774
                0x10000000                        . = ALIGN (0x4)
                0x10000000                        _sccmram = .
 *(.ccmram)
 *(.ccmram*)
                0x10000000                        . = ALIGN (0x4)
                0x10000000                        _eccmram = .
                0x10000000                        . = ALIGN (0x4)

.bss            0x20000004       0xd4
                0x20000004                        _sbss = .
                0x20000004                        __bss_start__ = _sbss
 *(.bss)
 .bss           0x20000004       0x1c D:/ST/STM32CubeIDE_1.13.2/STM32CubeIDE/plugins/com.st.stm32cube.ide.mcu.externaltools.gnu-tools-for-stm32.12.3.rel1.win32_1.0.100.202403111256/tools/bin/../lib/gcc/arm-none-eabi/12.3.1/thumb/v7e-m+fp/hard/crtbegin.o
 *(.bss*)
 .bss.serial    0x20000020       0x18 ./Console/Console.o
                0x20000020                serial
 .bss.xDMA_TX   0x20000038       0x34 ./SPI/SPI.o
                0x20000038                xDMA_TX
 .bss.xDMA_RX   0x2000006c       0x34 ./SPI/SPI.o
                0x2000006c                xDMA_RX
 .bss.display   0x200000a0       0x38 ./Src/main.o
                0x200000a0                display
 *(COMMON)
                0x200000d8                        . = ALIGN (0x4)
                0x200000d8                        _ebss = .
                0x200000d8                        __bss_end__ = _ebss

._user_heap_stack
                0x200000d8      0x600
                0x200000d8                        . = ALIGN (0x8)
                [!provide]                        PROVIDE (end = .)
                0x200000d8                        PROVIDE (_end = .)
                0x200002d8                        . = (. + _Min_Heap_Size)
 *fill*         0x200000d8      0x200 
                0x200006d8                        . = (. + _Min_Stack_Size)
 *fill*         0x200002d8      0x400 
                0x200006d8                        . = ALIGN (0x8)

/DISCARD/
 libc.a(*)
 libm.a(*)
 libgcc.a(*)

.ARM.attributes
                0x00000000       0x30
 *(.ARM.attributes)
 .ARM.attributes
                0x00000000       0x22 D:/ST/STM32CubeIDE_1.13.2/STM32CubeIDE/plugins/com.st.stm32cube.ide.mcu.externaltools.gnu-tools-for-stm32.12.3.rel1.win32_1.0.100.202403111256/tools/bin/../lib/gcc/arm-none-eabi/12.3.1/thumb/v7e-m+fp/hard/crti.o
 .ARM.attributes
                0x00000022       0x34 D:/ST/STM32CubeIDE_1.13.2/STM32CubeIDE/plugins/com.st.stm32cube.ide.mcu.externaltools.gnu-tools-for-stm32.12.3.rel1.win32_1.0.100.202403111256/tools/bin/../lib/gcc/arm-none-eabi/12.3.1/thumb/v7e-m+fp/hard/crtbegin.o
 .ARM.attributes
                0x00000056       0x34 ./Console/Console.o
 .ARM.attributes
                0x0000008a       0x34 ./DMA/DMA.o
 .ARM.attributes
                0x000000be       0x34 ./GC9A01/GC9A01.o
 .ARM.attributes
                0x000000f2       0x34 ./GPIO/GPIO.o
 .ARM.attributes
                0x00000126       0x34 ./SPI/SPI.o
 .ARM.attributes
                0x0000015a       0x34 ./Src/main.o
 .ARM.attributes
                0x0000018e       0x34 ./Src/system_stm32f4xx.o
 .ARM.attributes
                0x000001c2       0x21 ./Startup/startup_stm32f407vgtx.o
 .ARM.attributes
                0x000001e3       0x34 ./USART/USART.o
 .ARM.attributes
                0x00000217       0x34 D:/ST/STM32CubeIDE_1.13.2/STM32CubeIDE/plugins/com.st.stm32cube.ide.mcu.externaltools.gnu-tools-for-stm32.12.3.rel1.win32_1.0.100.202403111256/tools/bin/../lib/gcc/arm-none-eabi/12.3.1/../../../../arm-none-eabi/lib/thumb/v7e-m+fp/hard\libc_nano.a(libc_a-init.o)
 .ARM.attributes
                0x0000024b       0x34 D:/ST/STM32CubeIDE_1.13.2/STM32CubeIDE/plugins/com.st.stm32cube.ide.mcu.externaltools.gnu-tools-for-stm32.12.3.rel1.win32_1.0.100.202403111256/tools/bin/../lib/gcc/arm-none-eabi/12.3.1/../../../../arm-none-eabi/lib/thumb/v7e-m+fp/hard\libm.a(libm_a-s_ceil.o)
 .ARM.attributes
                0x0000027f       0x22 D:/ST/STM32CubeIDE_1.13.2/STM32CubeIDE/plugins/com.st.stm32cube.ide.mcu.externaltools.gnu-tools-for-stm32.12.3.rel1.win32_1.0.100.202403111256/tools/bin/../lib/gcc/arm-none-eabi/12.3.1/thumb/v7e-m+fp/hard\libgcc.a(_arm_addsubdf3.o)
 .ARM.attributes
                0x000002a1       0x22 D:/ST/STM32CubeIDE_1.13.2/STM32CubeIDE/plugins/com.st.stm32cube.ide.mcu.externaltools.gnu-tools-for-stm32.12.3.rel1.win32_1.0.100.202403111256/tools/bin/../lib/gcc/arm-none-eabi/12.3.1/thumb/v7e-m+fp/hard\libgcc.a(_arm_muldivdf3.o)
 .ARM.attributes
                0x000002c3       0x22 D:/ST/STM32CubeIDE_1.13.2/STM32CubeIDE/plugins/com.st.stm32cube.ide.mcu.externaltools.gnu-tools-for-stm32.12.3.rel1.win32_1.0.100.202403111256/tools/bin/../lib/gcc/arm-none-eabi/12.3.1/thumb/v7e-m+fp/hard\libgcc.a(_arm_cmpdf2.o)
 .ARM.attributes
                0x000002e5       0x22 D:/ST/STM32CubeIDE_1.13.2/STM32CubeIDE/plugins/com.st.stm32cube.ide.mcu.externaltools.gnu-tools-for-stm32.12.3.rel1.win32_1.0.100.202403111256/tools/bin/../lib/gcc/arm-none-eabi/12.3.1/thumb/v7e-m+fp/hard\libgcc.a(_arm_fixdfsi.o)
 .ARM.attributes
                0x00000307       0x34 D:/ST/STM32CubeIDE_1.13.2/STM32CubeIDE/plugins/com.st.stm32cube.ide.mcu.externaltools.gnu-tools-for-stm32.12.3.rel1.win32_1.0.100.202403111256/tools/bin/../lib/gcc/arm-none-eabi/12.3.1/thumb/v7e-m+fp/hard\libgcc.a(_fixdfdi.o)
 .ARM.attributes
                0x0000033b       0x34 D:/ST/STM32CubeIDE_1.13.2/STM32CubeIDE/plugins/com.st.stm32cube.ide.mcu.externaltools.gnu-tools-for-stm32.12.3.rel1.win32_1.0.100.202403111256/tools/bin/../lib/gcc/arm-none-eabi/12.3.1/thumb/v7e-m+fp/hard\libgcc.a(_fixunsdfdi.o)
 .ARM.attributes
                0x0000036f       0x22 D:/ST/STM32CubeIDE_1.13.2/STM32CubeIDE/plugins/com.st.stm32cube.ide.mcu.externaltools.gnu-tools-for-stm32.12.3.rel1.win32_1.0.100.202403111256/tools/bin/../lib/gcc/arm-none-eabi/12.3.1/thumb/v7e-m+fp/hard\libgcc.a(_arm_fixunsdfsi.o)
 .ARM.attributes
                0x00000391       0x22 D:/ST/STM32CubeIDE_1.13.2/STM32CubeIDE/plugins/com.st.stm32cube.ide.mcu.externaltools.gnu-tools-for-stm32.12.3.rel1.win32_1.0.100.202403111256/tools/bin/../lib/gcc/arm-none-eabi/12.3.1/thumb/v7e-m+fp/hard/crtn.o
OUTPUT(GC9A01_Driver.elf elf32-littlearm)
LOAD linker stubs
LOAD D:/ST/STM32CubeIDE_1.13.2/STM32CubeIDE/plugins/com.st.stm32cube.ide.mcu.externaltools.gnu-tools-for-stm32.12.3.rel1.win32_1.0.100.202403111256/tools/bin/../lib/gcc/arm-none-eabi/12.3.1/../../../../arm-none-eabi/lib/thumb/v7e-m+fp/hard\libc.a
LOAD D:/ST/STM32CubeIDE_1.13.2/STM32CubeIDE/plugins/com.st.stm32cube.ide.mcu.externaltools.gnu-tools-for-stm32.12.3.rel1.win32_1.0.100.202403111256/tools/bin/../lib/gcc/arm-none-eabi/12.3.1/../../../../arm-none-eabi/lib/thumb/v7e-m+fp/hard\libm.a
LOAD D:/ST/STM32CubeIDE_1.13.2/STM32CubeIDE/plugins/com.st.stm32cube.ide.mcu.externaltools.gnu-tools-for-stm32.12.3.rel1.win32_1.0.100.202403111256/tools/bin/../lib/gcc/arm-none-eabi/12.3.1/thumb/v7e-m+fp/hard\libgcc.a

.debug_info     0x00000000     0x88ff
 .debug_info    0x00000000     0x100b ./Console/Console.o
 .debug_info    0x0000100b      0x8ea ./DMA/DMA.o
 .debug_info    0x000018f5     0x159d ./GC9A01/GC9A01.o
 .debug_info    0x00002e92      0xdf1 ./GPIO/GPIO.o
 .debug_info    0x00003c83     0x16d6 ./SPI/SPI.o
 .debug_info    0x00005359     0x1d4b ./Src/main.o
 .debug_info    0x000070a4      0x50b ./Src/system_stm32f4xx.o
 .debug_info    0x000075af       0x30 ./Startup/startup_stm32f407vgtx.o
 .debug_info    0x000075df     0x1320 ./USART/USART.o

.debug_abbrev   0x00000000      0xf97
 .debug_abbrev  0x00000000      0x1e9 ./Console/Console.o
 .debug_abbrev  0x000001e9      0x155 ./DMA/DMA.o
 .debug_abbrev  0x0000033e      0x213 ./GC9A01/GC9A01.o
 .debug_abbrev  0x00000551      0x20f ./GPIO/GPIO.o
 .debug_abbrev  0x00000760      0x238 ./SPI/SPI.o
 .debug_abbrev  0x00000998      0x2a1 ./Src/main.o
 .debug_abbrev  0x00000c39      0x11a ./Src/system_stm32f4xx.o
 .debug_abbrev  0x00000d53       0x24 ./Startup/startup_stm32f407vgtx.o
 .debug_abbrev  0x00000d77      0x220 ./USART/USART.o

.debug_aranges  0x00000000      0x2c8
 .debug_aranges
                0x00000000       0x38 ./Console/Console.o
 .debug_aranges
                0x00000038       0x48 ./DMA/DMA.o
 .debug_aranges
                0x00000080       0x78 ./GC9A01/GC9A01.o
 .debug_aranges
                0x000000f8       0x58 ./GPIO/GPIO.o
 .debug_aranges
                0x00000150       0x70 ./SPI/SPI.o
 .debug_aranges
                0x000001c0       0x50 ./Src/main.o
 .debug_aranges
                0x00000210       0x28 ./Src/system_stm32f4xx.o
 .debug_aranges
                0x00000238       0x28 ./Startup/startup_stm32f407vgtx.o
 .debug_aranges
                0x00000260       0x68 ./USART/USART.o

.debug_rnglists
                0x00000000      0x1fc
 .debug_rnglists
                0x00000000       0x26 ./Console/Console.o
 .debug_rnglists
                0x00000026       0x32 ./DMA/DMA.o
 .debug_rnglists
                0x00000058       0x57 ./GC9A01/GC9A01.o
 .debug_rnglists
                0x000000af       0x41 ./GPIO/GPIO.o
 .debug_rnglists
                0x000000f0       0x53 ./SPI/SPI.o
 .debug_rnglists
                0x00000143       0x39 ./Src/main.o
 .debug_rnglists
                0x0000017c       0x1a ./Src/system_stm32f4xx.o
 .debug_rnglists
                0x00000196       0x19 ./Startup/startup_stm32f407vgtx.o
 .debug_rnglists
                0x000001af       0x4d ./USART/USART.o

.debug_macro    0x00000000    0x1a65f
 .debug_macro   0x00000000      0x286 ./Console/Console.o
 .debug_macro   0x00000286      0xaba ./Console/Console.o
 .debug_macro   0x00000d40       0x2f ./Console/Console.o
 .debug_macro   0x00000d6f       0x22 ./Console/Console.o
 .debug_macro   0x00000d91       0x8e ./Console/Console.o
 .debug_macro   0x00000e1f       0x51 ./Console/Console.o
 .debug_macro   0x00000e70      0x103 ./Console/Console.o
 .debug_macro   0x00000f73       0x6a ./Console/Console.o
 .debug_macro   0x00000fdd      0x1df ./Console/Console.o
 .debug_macro   0x000011bc       0x1c ./Console/Console.o
 .debug_macro   0x000011d8       0x22 ./Console/Console.o
 .debug_macro   0x000011fa       0xd9 ./Console/Console.o
 .debug_macro   0x000012d3     0x102d ./Console/Console.o
 .debug_macro   0x00002300      0x11f ./Console/Console.o
 .debug_macro   0x0000241f    0x15e89 ./Console/Console.o
 .debug_macro   0x000182a8       0x97 ./Console/Console.o
 .debug_macro   0x0001833f       0x61 ./Console/Console.o
 .debug_macro   0x000183a0       0x2a ./Console/Console.o
 .debug_macro   0x000183ca       0x43 ./Console/Console.o
 .debug_macro   0x0001840d       0x34 ./Console/Console.o
 .debug_macro   0x00018441       0x16 ./Console/Console.o
 .debug_macro   0x00018457       0x9e ./Console/Console.o
 .debug_macro   0x000184f5      0x369 ./Console/Console.o
 .debug_macro   0x0001885e      0x10b ./Console/Console.o
 .debug_macro   0x00018969       0x10 ./Console/Console.o
 .debug_macro   0x00018979       0x16 ./Console/Console.o
 .debug_macro   0x0001898f       0x43 ./Console/Console.o
 .debug_macro   0x000189d2       0x34 ./Console/Console.o
 .debug_macro   0x00018a06       0x10 ./Console/Console.o
 .debug_macro   0x00018a16       0x58 ./Console/Console.o
 .debug_macro   0x00018a6e       0x8e ./Console/Console.o
 .debug_macro   0x00018afc       0x1c ./Console/Console.o
 .debug_macro   0x00018b18      0x177 ./Console/Console.o
 .debug_macro   0x00018c8f       0x16 ./Console/Console.o
 .debug_macro   0x00018ca5       0x16 ./Console/Console.o
 .debug_macro   0x00018cbb      0x146 ./Console/Console.o
 .debug_macro   0x00018e01      0x19b ./Console/Console.o
 .debug_macro   0x00018f9c       0x10 ./Console/Console.o
 .debug_macro   0x00018fac       0x35 ./Console/Console.o
 .debug_macro   0x00018fe1      0x460 ./Console/Console.o
 .debug_macro   0x00019441       0x16 ./Console/Console.o
 .debug_macro   0x00019457       0x20 ./Console/Console.o
 .debug_macro   0x00019477       0x16 ./Console/Console.o
 .debug_macro   0x0001948d       0x16 ./Console/Console.o
 .debug_macro   0x000194a3       0x29 ./Console/Console.o
 .debug_macro   0x000194cc       0x4c ./Console/Console.o
 .debug_macro   0x00019518       0x22 ./Console/Console.o
 .debug_macro   0x0001953a       0x16 ./Console/Console.o
 .debug_macro   0x00019550      0x272 ./DMA/DMA.o
 .debug_macro   0x000197c2      0x2b3 ./GC9A01/GC9A01.o
 .debug_macro   0x00019a75       0x3a ./GC9A01/GC9A01.o
 .debug_macro   0x00019aaf      0x268 ./GPIO/GPIO.o
 .debug_macro   0x00019d17      0x29a ./SPI/SPI.o
 .debug_macro   0x00019fb1      0x2bd ./Src/main.o
 .debug_macro   0x0001a26e       0xda ./Src/system_stm32f4xx.o
 .debug_macro   0x0001a348       0x2e ./Src/system_stm32f4xx.o
 .debug_macro   0x0001a376       0x6d ./Src/system_stm32f4xx.o
 .debug_macro   0x0001a3e3      0x27c ./USART/USART.o

.debug_line     0x00000000     0x61b3
 .debug_line    0x00000000      0x82a ./Console/Console.o
 .debug_line    0x0000082a      0x83d ./DMA/DMA.o
 .debug_line    0x00001067      0xa6b ./GC9A01/GC9A01.o
 .debug_line    0x00001ad2      0x918 ./GPIO/GPIO.o
 .debug_line    0x000023ea     0x16f7 ./SPI/SPI.o
 .debug_line    0x00003ae1      0xaf5 ./Src/main.o
 .debug_line    0x000045d6      0x539 ./Src/system_stm32f4xx.o
 .debug_line    0x00004b0f       0x7b ./Startup/startup_stm32f407vgtx.o
 .debug_line    0x00004b8a     0x1629 ./USART/USART.o

.debug_str      0x00000000    0x8ef7b
 .debug_str     0x00000000    0x8dadd ./Console/Console.o
                              0x8dde2 (size before relaxing)
 .debug_str     0x0008dadd      0x5ac ./DMA/DMA.o
                              0x8dc82 (size before relaxing)
 .debug_str     0x0008e089      0x598 ./GC9A01/GC9A01.o
                              0x8e2af (size before relaxing)
 .debug_str     0x0008e621      0x60e ./GPIO/GPIO.o
                              0x8e0b9 (size before relaxing)
 .debug_str     0x0008ec2f       0x9d ./SPI/SPI.o
                              0x8e34c (size before relaxing)
 .debug_str     0x0008eccc       0xd5 ./Src/main.o
                              0x8e96f (size before relaxing)
 .debug_str     0x0008eda1       0x99 ./Src/system_stm32f4xx.o
                              0x882fb (size before relaxing)
 .debug_str     0x0008ee3a       0x3f ./Startup/startup_stm32f407vgtx.o
                                 0x69 (size before relaxing)
 .debug_str     0x0008ee79      0x102 ./USART/USART.o
                              0x8df8c (size before relaxing)

.comment        0x00000000       0x43
 .comment       0x00000000       0x43 ./Console/Console.o
                                 0x44 (size before relaxing)
 .comment       0x00000043       0x44 ./DMA/DMA.o
 .comment       0x00000043       0x44 ./GC9A01/GC9A01.o
 .comment       0x00000043       0x44 ./GPIO/GPIO.o
 .comment       0x00000043       0x44 ./SPI/SPI.o
 .comment       0x00000043       0x44 ./Src/main.o
 .comment       0x00000043       0x44 ./Src/system_stm32f4xx.o
 .comment       0x00000043       0x44 ./USART/USART.o

.debug_frame    0x00000000      0xc60
 .debug_frame   0x00000000       0xc4 ./Console/Console.o
 .debug_frame   0x000000c4       0xfc ./DMA/DMA.o
 .debug_frame   0x000001c0      0x1cc ./GC9A01/GC9A01.o
 .debug_frame   0x0000038c      0x148 ./GPIO/GPIO.o
 .debug_frame   0x000004d4      0x1c4 ./SPI/SPI.o
 .debug_frame   0x00000698      0x10c ./Src/main.o
 .debug_frame   0x000007a4       0x58 ./Src/system_stm32f4xx.o
 .debug_frame   0x000007fc      0x19c ./USART/USART.o
 .debug_frame   0x00000998       0x2c D:/ST/STM32CubeIDE_1.13.2/STM32CubeIDE/plugins/com.st.stm32cube.ide.mcu.externaltools.gnu-tools-for-stm32.12.3.rel1.win32_1.0.100.202403111256/tools/bin/../lib/gcc/arm-none-eabi/12.3.1/../../../../arm-none-eabi/lib/thumb/v7e-m+fp/hard\libc_nano.a(libc_a-init.o)
 .debug_frame   0x000009c4       0x30 D:/ST/STM32CubeIDE_1.13.2/STM32CubeIDE/plugins/com.st.stm32cube.ide.mcu.externaltools.gnu-tools-for-stm32.12.3.rel1.win32_1.0.100.202403111256/tools/bin/../lib/gcc/arm-none-eabi/12.3.1/../../../../arm-none-eabi/lib/thumb/v7e-m+fp/hard\libm.a(libm_a-s_ceil.o)
 .debug_frame   0x000009f4       0xac D:/ST/STM32CubeIDE_1.13.2/STM32CubeIDE/plugins/com.st.stm32cube.ide.mcu.externaltools.gnu-tools-for-stm32.12.3.rel1.win32_1.0.100.202403111256/tools/bin/../lib/gcc/arm-none-eabi/12.3.1/thumb/v7e-m+fp/hard\libgcc.a(_arm_addsubdf3.o)
 .debug_frame   0x00000aa0       0x50 D:/ST/STM32CubeIDE_1.13.2/STM32CubeIDE/plugins/com.st.stm32cube.ide.mcu.externaltools.gnu-tools-for-stm32.12.3.rel1.win32_1.0.100.202403111256/tools/bin/../lib/gcc/arm-none-eabi/12.3.1/thumb/v7e-m+fp/hard\libgcc.a(_arm_muldivdf3.o)
 .debug_frame   0x00000af0       0xc4 D:/ST/STM32CubeIDE_1.13.2/STM32CubeIDE/plugins/com.st.stm32cube.ide.mcu.externaltools.gnu-tools-for-stm32.12.3.rel1.win32_1.0.100.202403111256/tools/bin/../lib/gcc/arm-none-eabi/12.3.1/thumb/v7e-m+fp/hard\libgcc.a(_arm_cmpdf2.o)
 .debug_frame   0x00000bb4       0x24 D:/ST/STM32CubeIDE_1.13.2/STM32CubeIDE/plugins/com.st.stm32cube.ide.mcu.externaltools.gnu-tools-for-stm32.12.3.rel1.win32_1.0.100.202403111256/tools/bin/../lib/gcc/arm-none-eabi/12.3.1/thumb/v7e-m+fp/hard\libgcc.a(_arm_fixdfsi.o)
 .debug_frame   0x00000bd8       0x38 D:/ST/STM32CubeIDE_1.13.2/STM32CubeIDE/plugins/com.st.stm32cube.ide.mcu.externaltools.gnu-tools-for-stm32.12.3.rel1.win32_1.0.100.202403111256/tools/bin/../lib/gcc/arm-none-eabi/12.3.1/thumb/v7e-m+fp/hard\libgcc.a(_fixdfdi.o)
 .debug_frame   0x00000c10       0x2c D:/ST/STM32CubeIDE_1.13.2/STM32CubeIDE/plugins/com.st.stm32cube.ide.mcu.externaltools.gnu-tools-for-stm32.12.3.rel1.win32_1.0.100.202403111256/tools/bin/../lib/gcc/arm-none-eabi/12.3.1/thumb/v7e-m+fp/hard\libgcc.a(_fixunsdfdi.o)
 .debug_frame   0x00000c3c       0x24 D:/ST/STM32CubeIDE_1.13.2/STM32CubeIDE/plugins/com.st.stm32cube.ide.mcu.externaltools.gnu-tools-for-stm32.12.3.rel1.win32_1.0.100.202403111256/tools/bin/../lib/gcc/arm-none-eabi/12.3.1/thumb/v7e-m+fp/hard\libgcc.a(_arm_fixunsdfsi.o)

.debug_line_str
                0x00000000       0x4d
 .debug_line_str
                0x00000000       0x4d ./Startup/startup_stm32f407vgtx.o
