Archive member included to satisfy reference by file (symbol)

D:/ST/STM32CubeIDE_1.13.2/STM32CubeIDE/plugins/com.st.stm32cube.ide.mcu.externaltools.gnu-tools-for-stm32.12.3.rel1.win32_1.0.100.202403111256/tools/bin/../lib/gcc/arm-none-eabi/12.3.1/../../../../arm-none-eabi/lib/thumb/v7e-m+fp/hard\libc_nano.a(libc_a-exit.o)
                              D:/ST/STM32CubeIDE_1.13.2/STM32CubeIDE/plugins/com.st.stm32cube.ide.mcu.externaltools.gnu-tools-for-stm32.12.3.rel1.win32_1.0.100.202403111256/tools/bin/../lib/gcc/arm-none-eabi/12.3.1/../../../../arm-none-eabi/lib/thumb/v7e-m+fp/hard/crt0.o (exit)
D:/ST/STM32CubeIDE_1.13.2/STM32CubeIDE/plugins/com.st.stm32cube.ide.mcu.externaltools.gnu-tools-for-stm32.12.3.rel1.win32_1.0.100.202403111256/tools/bin/../lib/gcc/arm-none-eabi/12.3.1/../../../../arm-none-eabi/lib/thumb/v7e-m+fp/hard\libc_nano.a(libc_a-findfp.o)
                              D:/ST/STM32CubeIDE_1.13.2/STM32CubeIDE/plugins/com.st.stm32cube.ide.mcu.externaltools.gnu-tools-for-stm32.12.3.rel1.win32_1.0.100.202403111256/tools/bin/../lib/gcc/arm-none-eabi/12.3.1/../../../../arm-none-eabi/lib/thumb/v7e-m+fp/hard\libc_nano.a(libc_a-exit.o) (__stdio_exit_handler)
D:/ST/STM32CubeIDE_1.13.2/STM32CubeIDE/plugins/com.st.stm32cube.ide.mcu.externaltools.gnu-tools-for-stm32.12.3.rel1.win32_1.0.100.202403111256/tools/bin/../lib/gcc/arm-none-eabi/12.3.1/../../../../arm-none-eabi/lib/thumb/v7e-m+fp/hard\libc_nano.a(libc_a-fwalk.o)
                              D:/ST/STM32CubeIDE_1.13.2/STM32CubeIDE/plugins/com.st.stm32cube.ide.mcu.externaltools.gnu-tools-for-stm32.12.3.rel1.win32_1.0.100.202403111256/tools/bin/../lib/gcc/arm-none-eabi/12.3.1/../../../../arm-none-eabi/lib/thumb/v7e-m+fp/hard\libc_nano.a(libc_a-findfp.o) (_fwalk_sglue)
D:/ST/STM32CubeIDE_1.13.2/STM32CubeIDE/plugins/com.st.stm32cube.ide.mcu.externaltools.gnu-tools-for-stm32.12.3.rel1.win32_1.0.100.202403111256/tools/bin/../lib/gcc/arm-none-eabi/12.3.1/../../../../arm-none-eabi/lib/thumb/v7e-m+fp/hard\libc_nano.a(libc_a-stdio.o)
                              D:/ST/STM32CubeIDE_1.13.2/STM32CubeIDE/plugins/com.st.stm32cube.ide.mcu.externaltools.gnu-tools-for-stm32.12.3.rel1.win32_1.0.100.202403111256/tools/bin/../lib/gcc/arm-none-eabi/12.3.1/../../../../arm-none-eabi/lib/thumb/v7e-m+fp/hard\libc_nano.a(libc_a-findfp.o) (__sread)
D:/ST/STM32CubeIDE_1.13.2/STM32CubeIDE/plugins/com.st.stm32cube.ide.mcu.externaltools.gnu-tools-for-stm32.12.3.rel1.win32_1.0.100.202403111256/tools/bin/../lib/gcc/arm-none-eabi/12.3.1/../../../../arm-none-eabi/lib/thumb/v7e-m+fp/hard\libc_nano.a(libc_a-vsprintf.o)
                              ./Console/Console.o (vsprintf)
D:/ST/STM32CubeIDE_1.13.2/STM32CubeIDE/plugins/com.st.stm32cube.ide.mcu.externaltools.gnu-tools-for-stm32.12.3.rel1.win32_1.0.100.202403111256/tools/bin/../lib/gcc/arm-none-eabi/12.3.1/../../../../arm-none-eabi/lib/thumb/v7e-m+fp/hard\libc_nano.a(libc_a-memset.o)
                              D:/ST/STM32CubeIDE_1.13.2/STM32CubeIDE/plugins/com.st.stm32cube.ide.mcu.externaltools.gnu-tools-for-stm32.12.3.rel1.win32_1.0.100.202403111256/tools/bin/../lib/gcc/arm-none-eabi/12.3.1/../../../../arm-none-eabi/lib/thumb/v7e-m+fp/hard/crt0.o (memset)
D:/ST/STM32CubeIDE_1.13.2/STM32CubeIDE/plugins/com.st.stm32cube.ide.mcu.externaltools.gnu-tools-for-stm32.12.3.rel1.win32_1.0.100.202403111256/tools/bin/../lib/gcc/arm-none-eabi/12.3.1/../../../../arm-none-eabi/lib/thumb/v7e-m+fp/hard\libc_nano.a(libc_a-closer.o)
                              D:/ST/STM32CubeIDE_1.13.2/STM32CubeIDE/plugins/com.st.stm32cube.ide.mcu.externaltools.gnu-tools-for-stm32.12.3.rel1.win32_1.0.100.202403111256/tools/bin/../lib/gcc/arm-none-eabi/12.3.1/../../../../arm-none-eabi/lib/thumb/v7e-m+fp/hard\libc_nano.a(libc_a-stdio.o) (_close_r)
D:/ST/STM32CubeIDE_1.13.2/STM32CubeIDE/plugins/com.st.stm32cube.ide.mcu.externaltools.gnu-tools-for-stm32.12.3.rel1.win32_1.0.100.202403111256/tools/bin/../lib/gcc/arm-none-eabi/12.3.1/../../../../arm-none-eabi/lib/thumb/v7e-m+fp/hard\libc_nano.a(libc_a-reent.o)
                              D:/ST/STM32CubeIDE_1.13.2/STM32CubeIDE/plugins/com.st.stm32cube.ide.mcu.externaltools.gnu-tools-for-stm32.12.3.rel1.win32_1.0.100.202403111256/tools/bin/../lib/gcc/arm-none-eabi/12.3.1/../../../../arm-none-eabi/lib/thumb/v7e-m+fp/hard\libc_nano.a(libc_a-closer.o) (errno)
D:/ST/STM32CubeIDE_1.13.2/STM32CubeIDE/plugins/com.st.stm32cube.ide.mcu.externaltools.gnu-tools-for-stm32.12.3.rel1.win32_1.0.100.202403111256/tools/bin/../lib/gcc/arm-none-eabi/12.3.1/../../../../arm-none-eabi/lib/thumb/v7e-m+fp/hard\libc_nano.a(libc_a-impure.o)
                              D:/ST/STM32CubeIDE_1.13.2/STM32CubeIDE/plugins/com.st.stm32cube.ide.mcu.externaltools.gnu-tools-for-stm32.12.3.rel1.win32_1.0.100.202403111256/tools/bin/../lib/gcc/arm-none-eabi/12.3.1/../../../../arm-none-eabi/lib/thumb/v7e-m+fp/hard\libc_nano.a(libc_a-vsprintf.o) (_impure_ptr)
[...]
Memory Configuration

Name             Origin             Length             Attributes
CCMRAM           0x10000000         0x00010000         xrw
RAM              0x20000000         0x00020000         xrw
FLASH            0x08000000         0x00100000         xr
*default*        0x00000000         0xffffffff

Linker script and memory map

LOAD D:/ST/STM32CubeIDE_1.13.2/STM32CubeIDE/plugins/com.st.stm32cube.ide.mcu.externaltools.gnu-tools-for-stm32.12.3.rel1.win32_1.0.100.202403111256/tools/bin/../lib/gcc/arm-none-eabi/12.3.1/thumb/v7e-m+fp/hard/crti.o
LOAD D:/ST/STM32CubeIDE_1.13.2/STM32CubeIDE/plugins/com.st.stm32cube.ide.mcu.externaltools.gnu-tools-for-stm32.12.3.rel1.win32_1.0.100.202403111256/tools/bin/../lib/gcc/arm-none-eabi/12.3.1/thumb/v7e-m+fp/hard/crtbegin.o
LOAD D:/ST/STM32CubeIDE_1.13.2/STM32CubeIDE/plugins/com.st.stm32cube.ide.mcu.externaltools.gnu-tools-for-stm32.12.3.rel1.win32_1.0.100.202403111256/tools/bin/../lib/gcc/arm-none-eabi/12.3.1/../../../../arm-none-eabi/lib/thumb/v7e-m+fp/hard/crt0.o
LOAD ./Console/Console.o
LOAD ./DMA/DMA.o
LOAD ./GC9A01/GC9A01.o
LOAD ./GPIO/GPIO.o
LOAD ./SPI/SPI.o
LOAD ./Src/main.o
LOAD ./Src/syscalls.o
LOAD ./Src/sysmem.o
LOAD ./Src/system_stm32f4xx.o
LOAD ./Startup/startup_stm32f407vgtx.o
LOAD ./USART/USART.o
START GROUP
LOAD D:/ST/STM32CubeIDE_1.13.2/STM32CubeIDE/plugins/com.st.stm32cube.ide.mcu.externaltools.gnu-tools-for-stm32.12.3.rel1.win32_1.0.100.202403111256/tools/bin/../lib/gcc/arm-none-eabi/12.3.1/../../../../arm-none-eabi/lib/thumb/v7e-m+fp/hard\libc_nano.a
LOAD D:/ST/STM32CubeIDE_1.13.2/STM32CubeIDE/plugins/com.st.stm32cube.ide.mcu.externaltools.gnu-tools-for-stm32.12.3.rel1.win32_1.0.100.202403111256/tools/bin/../lib/gcc/arm-none-eabi/12.3.1/../../../../arm-none-eabi/lib/thumb/v7e-m+fp/hard\libm.a
END GROUP
START GROUP
LOAD D:/ST/STM32CubeIDE_1.13.2/STM32CubeIDE/plugins/com.st.stm32cube.ide.mcu.externaltools.gnu-tools-for-stm32.12.3.rel1.win32_1.0.100.202403111256/tools/bin/../lib/gcc/arm-none-eabi/12.3.1/thumb/v7e-m+fp/hard\libgcc.a
LOAD D:/ST/STM32CubeIDE_1.13.2/STM32CubeIDE/plugins/com.st.stm32cube.ide.mcu.externaltools.gnu-tools-for-stm32.12.3.rel1.win32_1.0.100.202403111256/tools/bin/../lib/gcc/arm-none-eabi/12.3.1/../../../../arm-none-eabi/lib/thumb/v7e-m+fp/hard\libc_nano.a
END GROUP
START GROUP
LOAD D:/ST/STM32CubeIDE_1.13.2/STM32CubeIDE/plugins/com.st.stm32cube.ide.mcu.externaltools.gnu-tools-for-stm32.12.3.rel1.win32_1.0.100.202403111256/tools/bin/../lib/gcc/arm-none-eabi/12.3.1/thumb/v7e-m+fp/hard\libgcc.a
LOAD D:/ST/STM32CubeIDE_1.13.2/STM32CubeIDE/plugins/com.st.stm32cube.ide.mcu.externaltools.gnu-tools-for-stm32.12.3.rel1.win32_1.0.100.202403111256/tools/bin/../lib/gcc/arm-none-eabi/12.3.1/../../../../arm-none-eabi/lib/thumb/v7e-m+fp/hard\libc_nano.a
LOAD D:/ST/STM32CubeIDE_1.13.2/STM32CubeIDE/plugins/com.st.stm32cube.ide.mcu.externaltools.gnu-tools-for-stm32.12.3.rel1.win32_1.0.100.202403111256/tools/bin/../lib/gcc/arm-none-eabi/12.3.1/../../../../arm-none-eabi/lib/thumb/v7e-m+fp/hard\libnosys.a
END GROUP
START GROUP
LOAD D:/ST/STM32CubeIDE_1.13.2/STM32CubeIDE/plugins/com.st.stm32cube.ide.mcu.externaltools.gnu-tools-for-stm32.12.3.rel1.win32_1.0.100.202403111256/tools/bin/../lib/gcc/arm-none-eabi/12.3.1/thumb/v7e-m+fp/hard\libgcc.a
LOAD D:/ST/STM32CubeIDE_1.13.2/STM32CubeIDE/plugins/com.st.stm32cube.ide.mcu.externaltools.gnu-tools-for-stm32.12.3.rel1.win32_1.0.100.202403111256/tools/bin/../lib/gcc/arm-none-eabi/12.3.1/../../../../arm-none-eabi/lib/thumb/v7e-m+fp/hard\libc_nano.a
LOAD D:/ST/STM32CubeIDE_1.13.2/STM32CubeIDE/plugins/com.st.stm32cube.ide.mcu.externaltools.gnu-tools-for-stm32.12.3.rel1.win32_1.0.100.202403111256/tools/bin/../lib/gcc/arm-none-eabi/12.3.1/../../../../arm-none-eabi/lib/thumb/v7e-m+fp/hard\libnosys.a
END GROUP
LOAD D:/ST/STM32CubeIDE_1.13.2/STM32CubeIDE/plugins/com.st.stm32cube.ide.mcu.externaltools.gnu-tools-for-stm32.12.3.rel1.win32_1.0.100.202403111256/tools/bin/../lib/gcc/arm-none-eabi/12.3.1/thumb/v7e-m+fp/hard/crtend.o
LOAD D:/ST/STM32CubeIDE_1.13.2/STM32CubeIDE/plugins/com.st.stm32cube.ide.mcu.externaltools.gnu-tools-for-stm32.12.3.rel1.win32_1.0.100.202403111256/tools/bin/../lib/gcc/arm-none-eabi/12.3.1/thumb/v7e-m+fp/hard/crtn.o
                0x20020000                        _estack = (ORIGIN (RAM) + LENGTH (RAM))
                0x00000200                        _Min_Heap_Size = 0x200
                0x00000400                        _Min_Stack_Size = 0x400

.isr_vector     0x08000000      0x188
                0x08000000                        . = ALIGN (0x4)
 *(.isr_vector)
 .isr_vector    0x08000000      0x188 ./Startup/startup_stm32f407vgtx.o
                0x08000000                g_pfnVectors
                0x08000188                        . = ALIGN (0x4)

.text           0x08000188     0x367c
                0x08000188                        . = ALIGN (0x4)
 *(.text)
 .text          0x08000188       0x40 D:/ST/STM32CubeIDE_1.13.2/STM32CubeIDE/plugins/com.st.stm32cube.ide.mcu.externaltools.gnu-tools-for-stm32.12.3.rel1.win32_1.0.100.202403111256/tools/bin/../lib/gcc/arm-none-eabi/12.3.1/thumb/v7e-m+fp/hard/crtbegin.o
 *(.text*)
 .text.__NVIC_EnableIRQ
                0x080001c8       0x3c ./DMA/DMA.o
 .text.DMA1_Stream0_IRQHandler
                0x08000204       0xb4 ./DMA/DMA.o
                0x08000204                DMA1_Stream0_IRQHandler
 .text.DMA1_Stream1_IRQHandler
                0x080002b8       0xb4 ./DMA/DMA.o
                0x080002b8                DMA1_Stream1_IRQHandler
 .text.DMA1_Stream2_IRQHandler
                0x0800036c       0xb4 ./DMA/DMA.o
                0x0800036c                DMA1_Stream2_IRQHandler
 .text.DMA1_Stream3_IRQHandler
                0x08000420       0xb4 ./DMA/DMA.o
                0x08000420                DMA1_Stream3_IRQHandler
 .text.DMA1_Stream4_IRQHandler
                0x080004d4       0xb4 ./DMA/DMA.o
                0x080004d4                DMA1_Stream4_IRQHandler
 .text.DMA1_Stream5_IRQHandler
                0x08000588       0xb4 ./DMA/DMA.o
                0x08000588                DMA1_Stream5_IRQHandler
 .text.DMA1_Stream6_IRQHandler
                0x0800063c       0xb4 ./DMA/DMA.o
                0x0800063c                DMA1_Stream6_IRQHandler
 .text.DMA1_Stream7_IRQHandler
                0x080006f0       0xb4 ./DMA/DMA.o
                0x080006f0                DMA1_Stream7_IRQHandler
 .text.DMA2_Stream0_IRQHandler
                0x080007a4       0xb4 ./DMA/DMA.o
                0x080007a4                DMA2_Stream0_IRQHandler
 .text.DMA2_Stream1_IRQHandler
                0x08000858       0xb4 ./DMA/DMA.o
                0x08000858                DMA2_Stream1_IRQHandler
 .text.DMA2_Stream2_IRQHandler
                0x0800090c       0xb4 ./DMA/DMA.o
                0x0800090c                DMA2_Stream2_IRQHandler
 .text.DMA2_Stream3_IRQHandler
                0x080009c0       0xb4 ./DMA/DMA.o
                0x080009c0                DMA2_Stream3_IRQHandler
 .text.DMA2_Stream4_IRQHandler
                0x08000a74       0xb4 ./DMA/DMA.o
                0x08000a74                DMA2_Stream4_IRQHandler
 .text.DMA2_Stream5_IRQHandler
                0x08000b28       0xb4 ./DMA/DMA.o
                0x08000b28                DMA2_Stream5_IRQHandler
 .text.DMA2_Stream6_IRQHandler
                0x08000bdc       0xb4 ./DMA/DMA.o
                0x08000bdc                DMA2_Stream6_IRQHandler
 .text.DMA2_Stream7_IRQHandler
                0x08000c90       0xb4 ./DMA/DMA.o
                0x08000c90                DMA2_Stream7_IRQHandler
 .text.DMA_Clock_Enable
                0x08000d44       0x4c ./DMA/DMA.o
                0x08000d44                DMA_Clock_Enable
 .text.DMA_Init
                0x08000d90      0x29c ./DMA/DMA.o
                0x08000d90                DMA_Init
 .text.DMA_Set_Target
                0x0800102c       0x66 ./DMA/DMA.o
                0x0800102c                DMA_Set_Target
 *fill*         0x08001092        0x2 
 .text.DMA_Set_Trigger
                0x08001094      0x168 ./DMA/DMA.o
                0x08001094                DMA_Set_Trigger
 .text.DMA_Memory_To_Memory_Transfer
                0x080011fc      0x164 ./DMA/DMA.o
                0x080011fc                DMA_Memory_To_Memory_Transfer
 .text.Delay_ms
                0x08001360       0x5c ./GC9A01/GC9A01.o
 .text.GPIO_Pin_Low
                0x080013bc       0x2a ./GC9A01/GC9A01.o
 .text.GPIO_Pin_High
                0x080013e6       0x24 ./GC9A01/GC9A01.o
 .text.command_line_high
                0x0800140a       0x22 ./GC9A01/GC9A01.o
 .text.command_line_low
                0x0800142c       0x22 ./GC9A01/GC9A01.o
 .text.reset_line_high
                0x0800144e       0x22 ./GC9A01/GC9A01.o
 .text.reset_line_low
                0x08001470       0x22 ./GC9A01/GC9A01.o
 .text.Write_Command
                0x08001492       0x80 ./GC9A01/GC9A01.o
 *fill*         0x08001512        0x2 
 .text.GC9A01_Init
                0x08001514      0x638 ./GC9A01/GC9A01.o
                0x08001514                GC9A01_Init
 .text.GC9A01_Set_Frame
                0x08001b4c       0x8a ./GC9A01/GC9A01.o
                0x08001b4c                GC9A01_Set_Frame
 .text.GC9A01_Splash_Screen
                0x08001bd6       0xfc ./GC9A01/GC9A01.o
                0x08001bd6                GC9A01_Splash_Screen
 *fill*         0x08001cd2        0x2 
 .text.GPIO_Clock_Enable
                0x08001cd4       0xbc ./GPIO/GPIO.o
                0x08001cd4                GPIO_Clock_Enable
 .text.GPIO_Pin_Init
                0x08001d90       0xa8 ./GPIO/GPIO.o
                0x08001d90                GPIO_Pin_Init
 .text.GPIO_Pin_Low
                0x08001e38       0x2a ./SPI/SPI.o
 .text.GPIO_Pin_High
                0x08001e62       0x24 ./SPI/SPI.o
 *fill*         0x08001e86        0x2 
 .text.xDMA1_TX_Init
                0x08001e88       0x58 ./SPI/SPI.o
 .text.xDMA2_TX_Init
                0x08001ee0       0x58 ./SPI/SPI.o
 .text.xDMA3_TX_Init
                0x08001f38       0x58 ./SPI/SPI.o
 .text.xDMA1_RX_Init
                0x08001f90       0x58 ./SPI/SPI.o
 .text.xDMA2_RX_Init
                0x08001fe8       0x58 ./SPI/SPI.o
 .text.xDMA3_RX_Init
                0x08002040       0x54 ./SPI/SPI.o
 .text.SPI_Clock_Enable
                0x08002094       0x74 ./SPI/SPI.o
                0x08002094                SPI_Clock_Enable
 .text.SPI_Pin_Init
                0x08002108      0x8a8 ./SPI/SPI.o
 .text.SPI_Init
                0x080029b0      0x4a4 ./SPI/SPI.o
                0x080029b0                SPI_Init
 .text.SPI_Enable
                0x08002e54       0x24 ./SPI/SPI.o
                0x08002e54                SPI_Enable
 .text.SPI_Disable
                0x08002e78       0x24 ./SPI/SPI.o
                0x08002e78                SPI_Disable
 .text.SPI_TRX_Byte
                0x08002e9c       0x72 ./SPI/SPI.o
                0x08002e9c                SPI_TRX_Byte
 *fill*         0x08002f0e        0x2 
 .text.SPI_TRX_Buffer
                0x08002f10      0x340 ./SPI/SPI.o
                0x08002f10                SPI_TRX_Buffer
 .text.SPI_NSS_High
                0x08003250       0x20 ./SPI/SPI.o
                0x08003250                SPI_NSS_High
 .text.SPI_Data_Format_Update
                0x08003270       0x52 ./SPI/SPI.o
                0x08003270                SPI_Data_Format_Update
 .text.SPI_NSS_Low
                0x080032c2       0x20 ./SPI/SPI.o
                0x080032c2                SPI_NSS_Low
 *fill*         0x080032e2        0x2 
 .text.__NVIC_SetPriority
                0x080032e4       0x54 ./Src/main.o
 .text.SysTick_Config
                0x08003338       0x44 ./Src/main.o
 .text.MCU_Clock_Setup
                0x0800337c      0x120 ./Src/main.o
 .text.Delay_Config
                0x0800349c       0x30 ./Src/main.o
 .text.Delay_ms
                0x080034cc       0x5c ./Src/main.o
 .text.Delay_s  0x08003528       0x34 ./Src/main.o
 .text.main     0x0800355c       0xd0 ./Src/main.o
                0x0800355c                main
 .text.SystemInit
                0x0800362c       0x24 ./Src/system_stm32f4xx.o
                0x0800362c                SystemInit
 .text.SystemCoreClockUpdate
                0x08003650      0x100 ./Src/system_stm32f4xx.o
                0x08003650                SystemCoreClockUpdate
 .text.Reset_Handler
                0x08003750       0x50 ./Startup/startup_stm32f407vgtx.o
                0x08003750                Reset_Handler
 .text.Default_Handler
                0x080037a0        0x2 ./Startup/startup_stm32f407vgtx.o
                0x080037a0                RTC_Alarm_IRQHandler
                0x080037a0                HASH_RNG_IRQHandler
                0x080037a0                EXTI2_IRQHandler
                0x080037a0                TIM8_CC_IRQHandler
                0x080037a0                DebugMon_Handler
                0x080037a0                TIM1_CC_IRQHandler
                0x080037a0                HardFault_Handler
                0x080037a0                SysTick_Handler
                0x080037a0                PVD_IRQHandler
                0x080037a0                SDIO_IRQHandler
                0x080037a0                TAMP_STAMP_IRQHandler
                0x080037a0                PendSV_Handler
                0x080037a0                NMI_Handler
                0x080037a0                CAN2_RX1_IRQHandler
                0x080037a0                EXTI3_IRQHandler
                0x080037a0                TIM8_TRG_COM_TIM14_IRQHandler
                0x080037a0                TIM1_UP_TIM10_IRQHandler
                0x080037a0                TIM8_UP_TIM13_IRQHandler
                0x080037a0                I2C3_ER_IRQHandler
                0x080037a0                EXTI0_IRQHandler
                0x080037a0                I2C2_EV_IRQHandler
                0x080037a0                CAN1_RX0_IRQHandler
                0x080037a0                FPU_IRQHandler
                0x080037a0                OTG_HS_WKUP_IRQHandler
                0x080037a0                UsageFault_Handler
                0x080037a0                CAN2_SCE_IRQHandler
                0x080037a0                SPI1_IRQHandler
                0x080037a0                TIM6_DAC_IRQHandler
                0x080037a0                TIM1_BRK_TIM9_IRQHandler
                0x080037a0                DCMI_IRQHandler
                0x080037a0                CAN2_RX0_IRQHandler
                0x080037a0                USART6_IRQHandler
                0x080037a0                USART3_IRQHandler
                0x080037a0                CRYP_IRQHandler
                0x080037a0                CAN1_RX1_IRQHandler
                0x080037a0                UART5_IRQHandler
                0x080037a0                TIM4_IRQHandler
                0x080037a0                I2C1_EV_IRQHandler
                0x080037a0                UART4_IRQHandler
                0x080037a0                TIM3_IRQHandler
                0x080037a0                RCC_IRQHandler
                0x080037a0                TIM8_BRK_TIM12_IRQHandler
                0x080037a0                Default_Handler
                0x080037a0                EXTI15_10_IRQHandler
                0x080037a0                ADC_IRQHandler
                0x080037a0                TIM7_IRQHandler
                0x080037a0                CAN2_TX_IRQHandler
                0x080037a0                TIM5_IRQHandler
                0x080037a0                I2C3_EV_IRQHandler
                0x080037a0                EXTI9_5_IRQHandler
                0x080037a0                RTC_WKUP_IRQHandler
                0x080037a0                ETH_WKUP_IRQHandler
                0x080037a0                SPI2_IRQHandler
                0x080037a0                OTG_HS_EP1_IN_IRQHandler
                0x080037a0                MemManage_Handler
                0x080037a0                CAN1_TX_IRQHandler
                0x080037a0                SVC_Handler
                0x080037a0                EXTI4_IRQHandler
                0x080037a0                FSMC_IRQHandler
                0x080037a0                ETH_IRQHandler
                0x080037a0                OTG_HS_EP1_OUT_IRQHandler
                0x080037a0                WWDG_IRQHandler
                0x080037a0                TIM2_IRQHandler
                0x080037a0                OTG_FS_WKUP_IRQHandler
                0x080037a0                TIM1_TRG_COM_TIM11_IRQHandler
                0x080037a0                OTG_HS_IRQHandler
                0x080037a0                EXTI1_IRQHandler
                0x080037a0                USART2_IRQHandler
                0x080037a0                I2C2_ER_IRQHandler
                0x080037a0                CAN1_SCE_IRQHandler
                0x080037a0                BusFault_Handler
                0x080037a0                USART1_IRQHandler
                0x080037a0                OTG_FS_IRQHandler
                0x080037a0                SPI3_IRQHandler
                0x080037a0                I2C1_ER_IRQHandler
 *fill*         0x080037a2        0x2 
 .text.__libc_init_array
                0x080037a4       0x48 D:/ST/STM32CubeIDE_1.13.2/STM32CubeIDE/plugins/com.st.stm32cube.ide.mcu.externaltools.gnu-tools-for-stm32.12.3.rel1.win32_1.0.100.202403111256/tools/bin/../lib/gcc/arm-none-eabi/12.3.1/../../../../arm-none-eabi/lib/thumb/v7e-m+fp/hard\libc_nano.a(libc_a-init.o)
                0x080037a4                __libc_init_array
 *(.glue_7)
 .glue_7        0x080037ec        0x0 linker stubs
 *(.glue_7t)
 .glue_7t       0x080037ec        0x0 linker stubs
 *(.eh_frame)
 .eh_frame      0x080037ec        0x0 D:/ST/STM32CubeIDE_1.13.2/STM32CubeIDE/plugins/com.st.stm32cube.ide.mcu.externaltools.gnu-tools-for-stm32.12.3.rel1.win32_1.0.100.202403111256/tools/bin/../lib/gcc/arm-none-eabi/12.3.1/thumb/v7e-m+fp/hard/crtbegin.o
 *(.init)
 .init          0x080037ec        0x4 D:/ST/STM32CubeIDE_1.13.2/STM32CubeIDE/plugins/com.st.stm32cube.ide.mcu.externaltools.gnu-tools-for-stm32.12.3.rel1.win32_1.0.100.202403111256/tools/bin/../lib/gcc/arm-none-eabi/12.3.1/thumb/v7e-m+fp/hard/crti.o
                0x080037ec                _init
 .init          0x080037f0        0x8 D:/ST/STM32CubeIDE_1.13.2/STM32CubeIDE/plugins/com.st.stm32cube.ide.mcu.externaltools.gnu-tools-for-stm32.12.3.rel1.win32_1.0.100.202403111256/tools/bin/../lib/gcc/arm-none-eabi/12.3.1/thumb/v7e-m+fp/hard/crtn.o
 *(.fini)
 .fini          0x080037f8        0x4 D:/ST/STM32CubeIDE_1.13.2/STM32CubeIDE/plugins/com.st.stm32cube.ide.mcu.externaltools.gnu-tools-for-stm32.12.3.rel1.win32_1.0.100.202403111256/tools/bin/../lib/gcc/arm-none-eabi/12.3.1/thumb/v7e-m+fp/hard/crti.o
                0x080037f8                _fini
 .fini          0x080037fc        0x8 D:/ST/STM32CubeIDE_1.13.2/STM32CubeIDE/plugins/com.st.stm32cube.ide.mcu.externaltools.gnu-tools-for-stm32.12.3.rel1.win32_1.0.100.202403111256/tools/bin/../lib/gcc/arm-none-eabi/12.3.1/thumb/v7e-m+fp/hard/crtn.o
                0x08003804                        . = ALIGN (0x4)
                0x08003804                        _etext = .

.vfp11_veneer   0x08003804        0x0
 .vfp11_veneer  0x08003804        0x0 linker stubs

.v4_bx          0x08003804        0x0
 .v4_bx         0x08003804        0x0 linker stubs

.iplt           0x08003804        0x0
 .iplt          0x08003804        0x0 D:/ST/STM32CubeIDE_1.13.2/STM32CubeIDE/plugins/com.st.stm32cube.ide.mcu.externaltools.gnu-tools-for-stm32.12.3.rel1.win32_1.0.100.202403111256/tools/bin/../lib/gcc/arm-none-eabi/12.3.1/thumb/v7e-m+fp/hard/crtbegin.o

.rodata         0x08003804      0x414
                0x08003804                        . = ALIGN (0x4)
 *(.rodata)
 *(.rodata*)
 .rodata.LIFCR_Shifts.1
                0x08003804        0x4 ./DMA/DMA.o
 .rodata.HIFCR_Shifts.0
                0x08003808        0x4 ./DMA/DMA.o
 .rodata.DMA_Configuration
                0x0800380c      0x3fc ./SPI/SPI.o
 .rodata.AHBPrescTable
                0x08003c08       0x10 ./Src/system_stm32f4xx.o
                0x08003c08                AHBPrescTable
                0x08003c18                        . = ALIGN (0x4)

.ARM.extab      0x08003c18        0x0
                0x08003c18                        . = ALIGN (0x4)
 *(.ARM.extab* .gnu.linkonce.armextab.*)
                0x08003c18                        . = ALIGN (0x4)

.ARM            0x08003c18        0x0
                0x08003c18                        . = ALIGN (0x4)
                0x08003c18                        __exidx_start = .
 *(.ARM.exidx*)
                0x08003c18                        __exidx_end = .
                0x08003c18                        . = ALIGN (0x4)

.preinit_array  0x08003c18        0x0
                0x08003c18                        . = ALIGN (0x4)
                0x08003c18                        PROVIDE (__preinit_array_start = .)
 *(.preinit_array*)
                0x08003c18                        PROVIDE (__preinit_array_end = .)
                0x08003c18                        . = ALIGN (0x4)

.init_array     0x08003c18        0x4
                0x08003c18                        . = ALIGN (0x4)
                0x08003c18                        PROVIDE (__init_array_start = .)
 *(SORT_BY_NAME(.init_array.*))
 *(.init_array*)
 .init_array    0x08003c18        0x4 D:/ST/STM32CubeIDE_1.13.2/STM32CubeIDE/plugins/com.st.stm32cube.ide.mcu.externaltools.gnu-tools-for-stm32.12.3.rel1.win32_1.0.100.202403111256/tools/bin/../lib/gcc/arm-none-eabi/12.3.1/thumb/v7e-m+fp/hard/crtbegin.o
                0x08003c1c                        PROVIDE (__init_array_end = .)
                0x08003c1c                        . = ALIGN (0x4)

.fini_array     0x08003c1c        0x4
                0x08003c1c                        . = ALIGN (0x4)
                [!provide]                        PROVIDE (__fini_array_start = .)
 *(SORT_BY_NAME(.fini_array.*))
 *(.fini_array*)
 .fini_array    0x08003c1c        0x4 D:/ST/STM32CubeIDE_1.13.2/STM32CubeIDE/plugins/com.st.stm32cube.ide.mcu.externaltools.gnu-tools-for-stm32.12.3.rel1.win32_1.0.100.202403111256/tools/bin/../lib/gcc/arm-none-eabi/12.3.1/thumb/v7e-m+fp/hard/crtbegin.o
                [!provide]                        PROVIDE (__fini_array_end = .)
                0x08003c20                        . = ALIGN (0x4)
                0x08003c20                        _sidata = LOADADDR (.data)

.rel.dyn        0x08003c20        0x0
 .rel.iplt      0x08003c20        0x0 D:/ST/STM32CubeIDE_1.13.2/STM32CubeIDE/plugins/com.st.stm32cube.ide.mcu.externaltools.gnu-tools-for-stm32.12.3.rel1.win32_1.0.100.202403111256/tools/bin/../lib/gcc/arm-none-eabi/12.3.1/thumb/v7e-m+fp/hard/crtbegin.o

.data           0x20000000        0x4 load address 0x08003c20
                0x20000000                        . = ALIGN (0x4)
                0x20000000                        _sdata = .
 *(.data)
 *(.data*)
 .data.SystemCoreClock
                0x20000000        0x4 ./Src/system_stm32f4xx.o
                0x20000000                SystemCoreClock
 *(.RamFunc)
 *(.RamFunc*)
                0x20000004                        . = ALIGN (0x4)
                0x20000004                        _edata = .
                0x08003c24                        _siccmram = LOADADDR (.ccmram)

.igot.plt       0x20000004        0x0 load address 0x08003c24
 .igot.plt      0x20000004        0x0 D:/ST/STM32CubeIDE_1.13.2/STM32CubeIDE/plugins/com.st.stm32cube.ide.mcu.externaltools.gnu-tools-for-stm32.12.3.rel1.win32_1.0.100.202403111256/tools/bin/../lib/gcc/arm-none-eabi/12.3.1/thumb/v7e-m+fp/hard/crtbegin.o

.ccmram         0x10000000        0x0 load address 0x08003c24
                0x10000000                        . = ALIGN (0x4)
                0x10000000                        _sccmram = .
 *(.ccmram)
 *(.ccmram*)
                0x10000000                        . = ALIGN (0x4)
                0x10000000                        _eccmram = .
                0x10000000                        . = ALIGN (0x4)

.bss            0x20000004      0x220
                0x20000004                        _sbss = .
                0x20000004                        __bss_start__ = _sbss
 *(.bss)
 .bss           0x20000004       0x1c D:/ST/STM32CubeIDE_1.13.2/STM32CubeIDE/plugins/com.st.stm32cube.ide.mcu.externaltools.gnu-tools-for-stm32.12.3.rel1.win32_1.0.100.202403111256/tools/bin/../lib/gcc/arm-none-eabi/12.3.1/thumb/v7e-m+fp/hard/crtbegin.o
 *(.bss*)
 .bss.DMA1_Stream0_Flag
                0x20000020        0x5 ./DMA/DMA.o
                0x20000020                DMA1_Stream0_Flag
 *fill*         0x20000025        0x3 
 .bss.DMA1_Stream1_Flag
                0x20000028        0x5 ./DMA/DMA.o
                0x20000028                DMA1_Stream1_Flag
 *fill*         0x2000002d        0x3 
 .bss.DMA1_Stream2_Flag
                0x20000030        0x5 ./DMA/DMA.o
                0x20000030                DMA1_Stream2_Flag
 *fill*         0x20000035        0x3 
 .bss.DMA1_Stream3_Flag
                0x20000038        0x5 ./DMA/DMA.o
                0x20000038                DMA1_Stream3_Flag
 *fill*         0x2000003d        0x3 
 .bss.DMA1_Stream4_Flag
                0x20000040        0x5 ./DMA/DMA.o
                0x20000040                DMA1_Stream4_Flag
 *fill*         0x20000045        0x3 
 .bss.DMA1_Stream5_Flag
                0x20000048        0x5 ./DMA/DMA.o
                0x20000048                DMA1_Stream5_Flag
 *fill*         0x2000004d        0x3 
 .bss.DMA1_Stream6_Flag
                0x20000050        0x5 ./DMA/DMA.o
                0x20000050                DMA1_Stream6_Flag
 *fill*         0x20000055        0x3 
 .bss.DMA1_Stream7_Flag
                0x20000058        0x5 ./DMA/DMA.o
                0x20000058                DMA1_Stream7_Flag
 *fill*         0x2000005d        0x3 
 .bss.DMA2_Stream0_Flag
                0x20000060        0x5 ./DMA/DMA.o
                0x20000060                DMA2_Stream0_Flag
 *fill*         0x20000065        0x3 
 .bss.DMA2_Stream1_Flag
                0x20000068        0x5 ./DMA/DMA.o
                0x20000068                DMA2_Stream1_Flag
 *fill*         0x2000006d        0x3 
 .bss.DMA2_Stream2_Flag
                0x20000070        0x5 ./DMA/DMA.o
                0x20000070                DMA2_Stream2_Flag
 *fill*         0x20000075        0x3 
 .bss.DMA2_Stream3_Flag
                0x20000078        0x5 ./DMA/DMA.o
                0x20000078                DMA2_Stream3_Flag
 *fill*         0x2000007d        0x3 
 .bss.DMA2_Stream4_Flag
                0x20000080        0x5 ./DMA/DMA.o
                0x20000080                DMA2_Stream4_Flag
 *fill*         0x20000085        0x3 
 .bss.DMA2_Stream5_Flag
                0x20000088        0x5 ./DMA/DMA.o
                0x20000088                DMA2_Stream5_Flag
 *fill*         0x2000008d        0x3 
 .bss.DMA2_Stream6_Flag
                0x20000090        0x5 ./DMA/DMA.o
                0x20000090                DMA2_Stream6_Flag
 *fill*         0x20000095        0x3 
 .bss.DMA2_Stream7_Flag
                0x20000098        0x5 ./DMA/DMA.o
                0x20000098                DMA2_Stream7_Flag
 *fill*         0x2000009d        0x3 
 .bss.xDMA1_TX  0x200000a0       0x38 ./SPI/SPI.o
                0x200000a0                xDMA1_TX
 .bss.xDMA1_RX  0x200000d8       0x38 ./SPI/SPI.o
                0x200000d8                xDMA1_RX
 .bss.xDMA2_TX  0x20000110       0x38 ./SPI/SPI.o
                0x20000110                xDMA2_TX
 .bss.xDMA2_RX  0x20000148       0x38 ./SPI/SPI.o
                0x20000148                xDMA2_RX
 .bss.xDMA3_TX  0x20000180       0x38 ./SPI/SPI.o
                0x20000180                xDMA3_TX
 .bss.xDMA3_RX  0x200001b8       0x38 ./SPI/SPI.o
                0x200001b8                xDMA3_RX
 .bss.GC9A01_Driver
                0x200001f0       0x34 ./Src/main.o
                0x200001f0                GC9A01_Driver
 *(COMMON)
                0x20000224                        . = ALIGN (0x4)
                0x20000224                        _ebss = .
                0x20000224                        __bss_end__ = _ebss

._user_heap_stack
                0x20000224      0x604
                0x20000228                        . = ALIGN (0x8)
 *fill*         0x20000224        0x4 
                [!provide]                        PROVIDE (end = .)
                0x20000228                        PROVIDE (_end = .)
                0x20000428                        . = (. + _Min_Heap_Size)
 *fill*         0x20000228      0x200 
                0x20000828                        . = (. + _Min_Stack_Size)
 *fill*         0x20000428      0x400 
                0x20000828                        . = ALIGN (0x8)

/DISCARD/
 libc.a(*)
 libm.a(*)
 libgcc.a(*)

.ARM.attributes
                0x00000000       0x30
 *(.ARM.attributes)
 .ARM.attributes
                0x00000000       0x22 D:/ST/STM32CubeIDE_1.13.2/STM32CubeIDE/plugins/com.st.stm32cube.ide.mcu.externaltools.gnu-tools-for-stm32.12.3.rel1.win32_1.0.100.202403111256/tools/bin/../lib/gcc/arm-none-eabi/12.3.1/thumb/v7e-m+fp/hard/crti.o
 .ARM.attributes
                0x00000022       0x34 D:/ST/STM32CubeIDE_1.13.2/STM32CubeIDE/plugins/com.st.stm32cube.ide.mcu.externaltools.gnu-tools-for-stm32.12.3.rel1.win32_1.0.100.202403111256/tools/bin/../lib/gcc/arm-none-eabi/12.3.1/thumb/v7e-m+fp/hard/crtbegin.o
 .ARM.attributes
                0x00000056       0x34 ./DMA/DMA.o
 .ARM.attributes
                0x0000008a       0x34 ./GC9A01/GC9A01.o
 .ARM.attributes
                0x000000be       0x34 ./GPIO/GPIO.o
 .ARM.attributes
                0x000000f2       0x34 ./SPI/SPI.o
 .ARM.attributes
                0x00000126       0x34 ./Src/main.o
 .ARM.attributes
                0x0000015a       0x34 ./Src/system_stm32f4xx.o
 .ARM.attributes
                0x0000018e       0x21 ./Startup/startup_stm32f407vgtx.o
 .ARM.attributes
                0x000001af       0x34 D:/ST/STM32CubeIDE_1.13.2/STM32CubeIDE/plugins/com.st.stm32cube.ide.mcu.externaltools.gnu-tools-for-stm32.12.3.rel1.win32_1.0.100.202403111256/tools/bin/../lib/gcc/arm-none-eabi/12.3.1/../../../../arm-none-eabi/lib/thumb/v7e-m+fp/hard\libc_nano.a(libc_a-init.o)
 .ARM.attributes
                0x000001e3       0x22 D:/ST/STM32CubeIDE_1.13.2/STM32CubeIDE/plugins/com.st.stm32cube.ide.mcu.externaltools.gnu-tools-for-stm32.12.3.rel1.win32_1.0.100.202403111256/tools/bin/../lib/gcc/arm-none-eabi/12.3.1/thumb/v7e-m+fp/hard/crtn.o
OUTPUT(GC9A01_V2.elf elf32-littlearm)
LOAD linker stubs
LOAD D:/ST/STM32CubeIDE_1.13.2/STM32CubeIDE/plugins/com.st.stm32cube.ide.mcu.externaltools.gnu-tools-for-stm32.12.3.rel1.win32_1.0.100.202403111256/tools/bin/../lib/gcc/arm-none-eabi/12.3.1/../../../../arm-none-eabi/lib/thumb/v7e-m+fp/hard\libc.a
LOAD D:/ST/STM32CubeIDE_1.13.2/STM32CubeIDE/plugins/com.st.stm32cube.ide.mcu.externaltools.gnu-tools-for-stm32.12.3.rel1.win32_1.0.100.202403111256/tools/bin/../lib/gcc/arm-none-eabi/12.3.1/../../../../arm-none-eabi/lib/thumb/v7e-m+fp/hard\libm.a
LOAD D:/ST/STM32CubeIDE_1.13.2/STM32CubeIDE/plugins/com.st.stm32cube.ide.mcu.externaltools.gnu-tools-for-stm32.12.3.rel1.win32_1.0.100.202403111256/tools/bin/../lib/gcc/arm-none-eabi/12.3.1/thumb/v7e-m+fp/hard\libgcc.a

.debug_info     0x00000000     0x7b91
 .debug_info    0x00000000     0x1330 ./DMA/DMA.o
 .debug_info    0x00001330     0x1bfe ./GC9A01/GC9A01.o
 .debug_info    0x00002f2e      0xe00 ./GPIO/GPIO.o
 .debug_info    0x00003d2e     0x1af8 ./SPI/SPI.o
 .debug_info    0x00005826     0x1e30 ./Src/main.o
 .debug_info    0x00007656      0x50b ./Src/system_stm32f4xx.o
 .debug_info    0x00007b61       0x30 ./Startup/startup_stm32f407vgtx.o

.debug_abbrev   0x00000000      0xdc4
 .debug_abbrev  0x00000000      0x240 ./DMA/DMA.o
 .debug_abbrev  0x00000240      0x284 ./GC9A01/GC9A01.o
 .debug_abbrev  0x000004c4      0x20f ./GPIO/GPIO.o
 .debug_abbrev  0x000006d3      0x2d0 ./SPI/SPI.o
 .debug_abbrev  0x000009a3      0x2e3 ./Src/main.o
 .debug_abbrev  0x00000c86      0x11a ./Src/system_stm32f4xx.o
 .debug_abbrev  0x00000da0       0x24 ./Startup/startup_stm32f407vgtx.o

.debug_aranges  0x00000000      0x330
 .debug_aranges
                0x00000000       0xe0 ./DMA/DMA.o
 .debug_aranges
                0x000000e0       0xa8 ./GC9A01/GC9A01.o
 .debug_aranges
                0x00000188       0x48 ./GPIO/GPIO.o
 .debug_aranges
                0x000001d0       0xc0 ./SPI/SPI.o
 .debug_aranges
                0x00000290       0x50 ./Src/main.o
 .debug_aranges
                0x000002e0       0x28 ./Src/system_stm32f4xx.o
 .debug_aranges
                0x00000308       0x28 ./Startup/startup_stm32f407vgtx.o

.debug_rnglists
                0x00000000      0x265
 .debug_rnglists
                0x00000000       0xb6 ./DMA/DMA.o
 .debug_rnglists
                0x000000b6       0x7f ./GC9A01/GC9A01.o
 .debug_rnglists
                0x00000135       0x35 ./GPIO/GPIO.o
 .debug_rnglists
                0x0000016a       0x8f ./SPI/SPI.o
 .debug_rnglists
                0x000001f9       0x39 ./Src/main.o
 .debug_rnglists
                0x00000232       0x1a ./Src/system_stm32f4xx.o
 .debug_rnglists
                0x0000024c       0x19 ./Startup/startup_stm32f407vgtx.o

.debug_macro    0x00000000      0xe61
 .debug_macro   0x00000000      0x268 ./DMA/DMA.o
 .debug_macro   0x00000268      0x2a9 ./GC9A01/GC9A01.o
 .debug_macro   0x00000511       0x3a ./GC9A01/GC9A01.o
 .debug_macro   0x0000054b      0x268 ./GPIO/GPIO.o
 .debug_macro   0x000007b3      0x290 ./SPI/SPI.o
 .debug_macro   0x00000a43      0x2a9 ./Src/main.o
 .debug_macro   0x00000cec       0xda ./Src/system_stm32f4xx.o
 .debug_macro   0x00000dc6       0x2e ./Src/system_stm32f4xx.o
 .debug_macro   0x00000df4       0x6d ./Src/system_stm32f4xx.o

.debug_line     0x00000000     0x57d8
 .debug_line    0x00000000     0x1399 ./DMA/DMA.o
 .debug_line    0x00001399      0xc71 ./GC9A01/GC9A01.o
 .debug_line    0x0000200a      0x891 ./GPIO/GPIO.o
 .debug_line    0x0000289b     0x1f86 ./SPI/SPI.o
 .debug_line    0x00004821      0xa03 ./Src/main.o
 .debug_line    0x00005224      0x539 ./Src/system_stm32f4xx.o
 .debug_line    0x0000575d       0x7b ./Startup/startup_stm32f407vgtx.o

.debug_str      0x00000000    0x8f370
 .debug_str     0x00000000    0x8e682 ./DMA/DMA.o
                              0x8e958 (size before relaxing)
 .debug_str     0x0008e682      0x934 ./GC9A01/GC9A01.o
                              0x8e82d (size before relaxing)
 .debug_str     0x0008efb6       0xfe ./GPIO/GPIO.o
                              0x8e381 (size before relaxing)
 .debug_str     0x0008f0b4      0x11b ./SPI/SPI.o
                              0x8e8f8 (size before relaxing)
 .debug_str     0x0008f1cf       0xc8 ./Src/main.o
                              0x8ed5f (size before relaxing)
 .debug_str     0x0008f297       0x9a ./Src/system_stm32f4xx.o
                              0x8858b (size before relaxing)
 .debug_str     0x0008f331       0x3f ./Startup/startup_stm32f407vgtx.o
                                 0x6d (size before relaxing)

.comment        0x00000000       0x43
 .comment       0x00000000       0x43 ./DMA/DMA.o
                                 0x44 (size before relaxing)
 .comment       0x00000043       0x44 ./GC9A01/GC9A01.o
 .comment       0x00000043       0x44 ./GPIO/GPIO.o
 .comment       0x00000043       0x44 ./SPI/SPI.o
 .comment       0x00000043       0x44 ./Src/main.o
 .comment       0x00000043       0x44 ./Src/system_stm32f4xx.o

.debug_frame    0x00000000      0xbd8
 .debug_frame   0x00000000      0x378 ./DMA/DMA.o
 .debug_frame   0x00000378      0x2c0 ./GC9A01/GC9A01.o
 .debug_frame   0x00000638       0xf8 ./GPIO/GPIO.o
 .debug_frame   0x00000730      0x31c ./SPI/SPI.o
 .debug_frame   0x00000a4c      0x108 ./Src/main.o
 .debug_frame   0x00000b54       0x58 ./Src/system_stm32f4xx.o
 .debug_frame   0x00000bac       0x2c D:/ST/STM32CubeIDE_1.13.2/STM32CubeIDE/plugins/com.st.stm32cube.ide.mcu.externaltools.gnu-tools-for-stm32.12.3.rel1.win32_1.0.100.202403111256/tools/bin/../lib/gcc/arm-none-eabi/12.3.1/../../../../arm-none-eabi/lib/thumb/v7e-m+fp/hard\libc_nano.a(libc_a-init.o)

.debug_line_str
                0x00000000       0x51
 .debug_line_str
                0x00000000       0x51 ./Startup/startup_stm32f407vgtx.o
