B:/STM32F407V_Firmware_C_Lang/GC9A01_V2/GPIO/GPIO.h:26:23:GPIO_Pin_Low	16	static
B:/STM32F407V_Firmware_C_Lang/GC9A01_V2/GPIO/GPIO.h:68:23:GPIO_Pin_High	16	static
../SPI/SPI.c:22:13:xDMA1_TX_Init	16	static
../SPI/SPI.c:35:13:xDMA2_TX_Init	16	static
../SPI/SPI.c:48:13:xDMA3_TX_Init	16	static
../SPI/SPI.c:61:13:xDMA1_RX_Init	16	static
../SPI/SPI.c:74:13:xDMA2_RX_Init	16	static
../SPI/SPI.c:87:13:xDMA3_RX_Init	8	static
../SPI/SPI.c:100:8:SPI_Clock_Enable	24	static
../SPI/SPI.c:111:8:SPI_Clock_Disable	24	static
../SPI/SPI.c:123:8:SPI_Config_Reset	24	static
../SPI/SPI.c:148:13:SPI_Pin_Init	40	static
../SPI/SPI.c:269:8:SPI_Init	48	static
../SPI/SPI.c:374:6:SPI_Enable	16	static
../SPI/SPI.c:379:6:SPI_Disable	16	static
../SPI/SPI.c:386:6:SPI_DeInit	16	static
../SPI/SPI.c:394:10:SPI_TRX_Byte	24	static
../SPI/SPI.c:409:8:SPI_TRX_Buffer	40	static
../SPI/SPI.c:511:6:SPI_NSS_High	16	static
../SPI/SPI.c:516:6:SPI_Data_Format_Update	16	static
../SPI/SPI.c:524:6:SPI_NSS_Low	16	static
